[    0.000000] Initializing cgroup subsys cpuset
[    0.000000] Initializing cgroup subsys cpu
[    0.000000] Initializing cgroup subsys cpuacct
[    0.000000] Linux version 4.4.0-203-generic (buildd@lcy01-amd64-027) (gcc version 5.4.0 20160609 (Ubuntu 5.4.0-6ubuntu1~16.04.12) ) #235-Ubuntu SMP Tue Feb 2 02:49:08 UTC 2021 (Ubuntu 4.4.0-203.235-generic 4.4.249)
[    0.000000] Command line: BOOT_IMAGE=/boot/vmlinuz-4.4.0-203-generic root=LABEL=cloudimg-rootfs ro console=tty1 console=ttyS0
[    0.000000] KERNEL supported cpus:
[    0.000000]   Intel GenuineIntel
[    0.000000]   AMD AuthenticAMD
[    0.000000]   Centaur CentaurHauls
[    0.000000] [Firmware Bug]: TSC doesn't count with P0 frequency!
[    0.000000] x86/fpu: xstate_offset[2]:  576, xstate_sizes[2]:  256
[    0.000000] x86/fpu: Supporting XSAVE feature 0x01: 'x87 floating point registers'
[    0.000000] x86/fpu: Supporting XSAVE feature 0x02: 'SSE registers'
[    0.000000] x86/fpu: Supporting XSAVE feature 0x04: 'AVX registers'
[    0.000000] x86/fpu: Enabled xstate features 0x7, context size is 832 bytes, using 'standard' format.
[    0.000000] e820: BIOS-provided physical RAM map:
[    0.000000] BIOS-e820: [mem 0x0000000000000000-0x000000000009fbff] usable
[    0.000000] BIOS-e820: [mem 0x000000000009fc00-0x000000000009ffff] reserved
[    0.000000] BIOS-e820: [mem 0x00000000000f0000-0x00000000000fffff] reserved
[    0.000000] BIOS-e820: [mem 0x0000000000100000-0x00000000dffeffff] usable
[    0.000000] BIOS-e820: [mem 0x00000000dfff0000-0x00000000dfffffff] ACPI data
[    0.000000] BIOS-e820: [mem 0x00000000fec00000-0x00000000fec00fff] reserved
[    0.000000] BIOS-e820: [mem 0x00000000fee00000-0x00000000fee00fff] reserved
[    0.000000] BIOS-e820: [mem 0x00000000fffc0000-0x00000000ffffffff] reserved
[    0.000000] BIOS-e820: [mem 0x0000000100000000-0x000000021fffffff] usable
[    0.000000] NX (Execute Disable) protection: active
[    0.000000] SMBIOS 2.5 present.
[    0.000000] Hypervisor detected: KVM
[    0.000000] Kernel/User page tables isolation: disabled
[    0.000000] e820: last_pfn = 0x220000 max_arch_pfn = 0x400000000
[    0.000000] MTRR: Disabled
[    0.000000] x86/PAT: MTRRs disabled, skipping PAT initialization too.
[    0.000000] CPU MTRRs all blank - virtualized system.
[    0.000000] x86/PAT: Configuration [0-7]: WB  WT  UC- UC  WB  WT  UC- UC  
[    0.000000] e820: last_pfn = 0xdfff0 max_arch_pfn = 0x400000000
[    0.000000] found SMP MP-table at [mem 0x0009fff0-0x0009ffff] mapped at [ffff88000009fff0]
[    0.000000] Scanning 1 areas for low memory corruption
[    0.000000] RAMDISK: [mem 0x362dc000-0x37165fff]
[    0.000000] ACPI: Early table checksum verification disabled
[    0.000000] ACPI: RSDP 0x00000000000E0000 000024 (v02 VBOX  )
[    0.000000] ACPI: XSDT 0x00000000DFFF0030 00003C (v01 VBOX   VBOXXSDT 00000001 ASL  00000061)
[    0.000000] ACPI: FACP 0x00000000DFFF00F0 0000F4 (v04 VBOX   VBOXFACP 00000001 ASL  00000061)
[    0.000000] ACPI: DSDT 0x00000000DFFF0470 002325 (v02 VBOX   VBOXBIOS 00000002 INTL 20190509)
[    0.000000] ACPI: FACS 0x00000000DFFF0200 000040
[    0.000000] ACPI: FACS 0x00000000DFFF0200 000040
[    0.000000] ACPI: APIC 0x00000000DFFF0240 00005C (v02 VBOX   VBOXAPIC 00000001 ASL  00000061)
[    0.000000] ACPI: SSDT 0x00000000DFFF02A0 0001CC (v01 VBOX   VBOXCPUT 00000002 INTL 20190509)
[    0.000000] No NUMA configuration found
[    0.000000] Faking a node at [mem 0x0000000000000000-0x000000021fffffff]
[    0.000000] NODE_DATA(0) allocated [mem 0x21fff5000-0x21fff9fff]
[    0.000000] kvm-clock: Using msrs 4b564d01 and 4b564d00
[    0.000000] kvm-clock: cpu 0, msr 2:1ffed001, primary cpu clock
[    0.000000] kvm-clock: using sched offset of 2949042200 cycles
[    0.000000] clocksource: kvm-clock: mask: 0xffffffffffffffff max_cycles: 0x1cd42e4dffb, max_idle_ns: 881590591483 ns
[    0.000000] Zone ranges:
[    0.000000]   DMA      [mem 0x0000000000001000-0x0000000000ffffff]
[    0.000000]   DMA32    [mem 0x0000000001000000-0x00000000ffffffff]
[    0.000000]   Normal   [mem 0x0000000100000000-0x000000021fffffff]
[    0.000000]   Device   empty
[    0.000000] Movable zone start for each node
[    0.000000] Early memory node ranges
[    0.000000]   node   0: [mem 0x0000000000001000-0x000000000009efff]
[    0.000000]   node   0: [mem 0x0000000000100000-0x00000000dffeffff]
[    0.000000]   node   0: [mem 0x0000000100000000-0x000000021fffffff]
[    0.000000] Initmem setup node 0 [mem 0x0000000000001000-0x000000021fffffff]
[    0.000000] ACPI: PM-Timer IO Port: 0x4008
[    0.000000] IOAPIC[0]: apic_id 2, version 32, address 0xfec00000, GSI 0-23
[    0.000000] ACPI: INT_SRC_OVR (bus 0 bus_irq 0 global_irq 2 dfl dfl)
[    0.000000] ACPI: INT_SRC_OVR (bus 0 bus_irq 9 global_irq 9 low level)
[    0.000000] Using ACPI (MADT) for SMP configuration information
[    0.000000] smpboot: Allowing 2 CPUs, 0 hotplug CPUs
[    0.000000] PM: Registered nosave memory: [mem 0x00000000-0x00000fff]
[    0.000000] PM: Registered nosave memory: [mem 0x0009f000-0x0009ffff]
[    0.000000] PM: Registered nosave memory: [mem 0x000a0000-0x000effff]
[    0.000000] PM: Registered nosave memory: [mem 0x000f0000-0x000fffff]
[    0.000000] PM: Registered nosave memory: [mem 0xdfff0000-0xdfffffff]
[    0.000000] PM: Registered nosave memory: [mem 0xe0000000-0xfebfffff]
[    0.000000] PM: Registered nosave memory: [mem 0xfec00000-0xfec00fff]
[    0.000000] PM: Registered nosave memory: [mem 0xfec01000-0xfedfffff]
[    0.000000] PM: Registered nosave memory: [mem 0xfee00000-0xfee00fff]
[    0.000000] PM: Registered nosave memory: [mem 0xfee01000-0xfffbffff]
[    0.000000] PM: Registered nosave memory: [mem 0xfffc0000-0xffffffff]
[    0.000000] e820: [mem 0xe0000000-0xfebfffff] available for PCI devices
[    0.000000] Booting paravirtualized kernel on KVM
[    0.000000] clocksource: refined-jiffies: mask: 0xffffffff max_cycles: 0xffffffff, max_idle_ns: 7645519600211568 ns
[    0.000000] setup_percpu: NR_CPUS:512 nr_cpumask_bits:512 nr_cpu_ids:2 nr_node_ids:1
[    0.000000] PERCPU: Embedded 33 pages/cpu @ffff88021fc00000 s95640 r8192 d31336 u1048576
[    0.000000] Built 1 zonelists in Node order, mobility grouping on.  Total pages: 2064248
[    0.000000] Policy zone: Normal
[    0.000000] Kernel command line: BOOT_IMAGE=/boot/vmlinuz-4.4.0-203-generic root=LABEL=cloudimg-rootfs ro console=tty1 console=ttyS0
[    0.000000] PID hash table entries: 4096 (order: 3, 32768 bytes)
[    0.000000] Memory: 8156924K/8388152K available (8641K kernel code, 1337K rwdata, 4044K rodata, 1496K init, 1296K bss, 231228K reserved, 0K cma-reserved)
[    0.000000] SLUB: HWalign=64, Order=0-3, MinObjects=0, CPUs=2, Nodes=1
[    0.000000] Hierarchical RCU implementation.
[    0.000000] 	Build-time adjustment of leaf fanout to 64.
[    0.000000] 	RCU restricting CPUs from NR_CPUS=512 to nr_cpu_ids=2.
[    0.000000] RCU: Adjusting geometry for rcu_fanout_leaf=64, nr_cpu_ids=2
[    0.000000] NR_IRQS:33024 nr_irqs:440 16
[    0.000000] Console: colour VGA+ 80x25
[    0.000000] console [tty1] enabled
[    0.000000] console [ttyS0] enabled
[    0.000000] tsc: Detected 3700.290 MHz processor
[    0.131173] Calibrating delay loop (skipped) preset value.. 7400.58 BogoMIPS (lpj=14801160)
[    0.132043] pid_max: default: 32768 minimum: 301
[    0.132518] ACPI: Core revision 20150930
[    0.133571] ACPI: 2 ACPI AML tables successfully acquired and loaded
[    0.134320] Security Framework initialized
[    0.134790] Yama: becoming mindful.
[    0.135167] AppArmor: AppArmor initialized
[    0.136109] Dentry cache hash table entries: 1048576 (order: 11, 8388608 bytes)
[    0.138997] Inode-cache hash table entries: 524288 (order: 10, 4194304 bytes)
[    0.140353] Mount-cache hash table entries: 16384 (order: 5, 131072 bytes)
[    0.141107] Mountpoint-cache hash table entries: 16384 (order: 5, 131072 bytes)
[    0.142006] Initializing cgroup subsys io
[    0.142429] Initializing cgroup subsys memory
[    0.142886] Initializing cgroup subsys devices
[    0.143344] Initializing cgroup subsys freezer
[    0.143785] Initializing cgroup subsys net_cls
[    0.144230] Initializing cgroup subsys perf_event
[    0.144703] Initializing cgroup subsys net_prio
[    0.145175] Initializing cgroup subsys hugetlb
[    0.145648] Initializing cgroup subsys pids
[    0.155274] mce: CPU supports 0 MCE banks
[    0.155728] Last level iTLB entries: 4KB 1024, 2MB 1024, 4MB 512
[    0.156317] Last level dTLB entries: 4KB 2048, 2MB 2048, 4MB 1024, 1GB 0
[    0.156948] Spectre V1 : Mitigation: usercopy/swapgs barriers and __user pointer sanitization
[    0.157814] Spectre V2 : Spectre mitigation: LFENCE not serializing, switching to generic retpoline
[    0.158707] Spectre V2 : Mitigation: Full generic retpoline
[    0.159256] Spectre V2 : Spectre v2 / SpectreRSB mitigation: Filling RSB on context switch
[    0.160095] Speculative Store Bypass: Mitigation: Speculative Store Bypass disabled via prctl and seccomp
[    0.162523] Freeing SMP alternatives memory: 36K
[    0.166436] ftrace: allocating 32366 entries in 127 pages
[    0.204197] smpboot: APIC(0) Converting physical 0 to logical package 0
[    0.204909] smpboot: Max logical packages: 1
[    0.205550] x2apic enabled
[    0.206057] Switched APIC routing to physical x2apic.
[    0.207310] ..TIMER: vector=0x30 apic1=0 pin1=2 apic2=-1 pin2=-1
[    0.315976] APIC calibration not consistent with PM-Timer: 101ms instead of 100ms
[    0.316863] APIC delta adjusted to PM-Timer: 6320790 (6398080)
[    0.317429] smpboot: CPU0: AMD Ryzen Threadripper 3970X 32-Core Processor (family: 0x17, model: 0x31, stepping: 0x0)
[    0.318536] Performance Events: Broken PMU hardware detected, using software events only.
[    0.319401] Failed to access perfctr msr (MSR c0010007 is 0)
[    0.323949] KVM setup paravirtual spinlock
[    0.325373] x86: Booting SMP configuration:
[    0.325841] .... node  #0, CPUs:      #1
[    0.326363] kvm-clock: cpu 1, msr 2:1ffed041, secondary cpu clock
[    0.336291] mce: CPU supports 0 MCE banks
[    0.338663] x86: Booted up 1 node, 2 CPUs
[    0.339224] smpboot: Total of 2 processors activated (14801.16 BogoMIPS)
[    0.340160] devtmpfs: initialized
[    0.342472] evm: security.selinux
[    0.342888] evm: security.SMACK64
[    0.343287] evm: security.SMACK64EXEC
[    0.343709] evm: security.SMACK64TRANSMUTE
[    0.344186] evm: security.SMACK64MMAP
[    0.344571] evm: security.ima
[    0.344955] evm: security.capability
[    0.345451] clocksource: jiffies: mask: 0xffffffff max_cycles: 0xffffffff, max_idle_ns: 7645041785100000 ns
[    0.346418] futex hash table entries: 512 (order: 3, 32768 bytes)
[    0.347022] pinctrl core: initialized pinctrl subsystem
[    0.347552] RTC time: 17:14:24, date: 02/28/21
[    0.348179] NET: Registered protocol family 16
[    0.357991] cpuidle: using governor ladder
[    0.370069] cpuidle: using governor menu
[    0.370818] PCCT header not found.
[    0.371827] ACPI: bus type PCI registered
[    0.372619] acpiphp: ACPI Hot Plug PCI Controller Driver version: 0.5
[    0.373759] PCI: Using configuration type 1 for base access
[    0.374679] PCI: Using configuration type 1 for extended access
[    0.390831] ACPI: Added _OSI(Module Device)
[    0.391703] ACPI: Added _OSI(Processor Device)
[    0.392607] ACPI: Added _OSI(3.0 _SCP Extensions)
[    0.393537] ACPI: Added _OSI(Processor Aggregator Device)
[    0.395117] ACPI: Executed 1 blocks of module-level executable AML code
[    0.398503] ACPI: Interpreter enabled
[    0.399326] ACPI: (supports S0 S5)
[    0.400079] ACPI: Using IOAPIC for interrupt routing
[    0.406210] PCI: Using host bridge windows from ACPI; if necessary, use "pci=nocrs" and report a bug
[    0.408852] ACPI: PCI Root Bridge [PCI0] (domain 0000 [bus 00-ff])
[    0.409441] acpi PNP0A03:00: _OSC: OS supports [ExtendedConfig ASPM ClockPM Segments MSI]
[    0.410607] acpi PNP0A03:00: _OSC: platform does not support [PCIeCapability]
[    0.411432] acpi PNP0A03:00: _OSC: not requesting control; platform does not support [PCIeCapability]
[    0.412337] acpi PNP0A03:00: _OSC: OS requested [PCIeHotplug PME AER PCIeCapability]
[    0.413129] acpi PNP0A03:00: _OSC: platform willing to grant [PCIeHotplug PME AER]
[    0.413907] acpi PNP0A03:00: _OSC failed (AE_SUPPORT); disabling ASPM
[    0.414632] PCI host bridge to bus 0000:00
[    0.415080] pci_bus 0000:00: root bus resource [io  0x0000-0x0cf7 window]
[    0.415695] pci_bus 0000:00: root bus resource [io  0x0d00-0xffff window]
[    0.416344] pci_bus 0000:00: root bus resource [mem 0x000a0000-0x000bffff window]
[    0.417117] pci_bus 0000:00: root bus resource [mem 0xe0000000-0xfdffffff window]
[    0.417892] pci_bus 0000:00: root bus resource [bus 00-ff]
[    0.419099] pci 0000:00:01.1: legacy IDE quirk: reg 0x10: [io  0x01f0-0x01f7]
[    0.419749] pci 0000:00:01.1: legacy IDE quirk: reg 0x14: [io  0x03f6]
[    0.420359] pci 0000:00:01.1: legacy IDE quirk: reg 0x18: [io  0x0170-0x0177]
[    0.421002] pci 0000:00:01.1: legacy IDE quirk: reg 0x1c: [io  0x0376]
[    0.461969] pci 0000:00:07.0: quirk: [io  0x4000-0x403f] claimed by PIIX4 ACPI
[    0.463367] pci 0000:00:07.0: quirk: [io  0x4100-0x410f] claimed by PIIX4 SMB
[    0.503799] ACPI: PCI Interrupt Link [LNKA] (IRQs 5 9 10 *11)
[    0.505467] ACPI: PCI Interrupt Link [LNKB] (IRQs 5 9 *10 11)
[    0.507077] ACPI: PCI Interrupt Link [LNKC] (IRQs 5 *9 10 11)
[    0.508666] ACPI: PCI Interrupt Link [LNKD] (IRQs 5 9 10 *11)
[    0.510283] ACPI: Enabled 2 GPEs in block 00 to 07
[    0.511661] vgaarb: setting as boot device: PCI:0000:00:02.0
[    0.512772] vgaarb: device added: PCI:0000:00:02.0,decodes=io+mem,owns=io+mem,locks=none
[    0.513600] vgaarb: loaded
[    0.513933] vgaarb: bridge control possible 0000:00:02.0
[    0.514619] SCSI subsystem initialized
[    0.515144] ACPI: bus type USB registered
[    0.515827] usbcore: registered new interface driver usbfs
[    0.516643] usbcore: registered new interface driver hub
[    0.517442] usbcore: registered new device driver usb
[    0.518396] PCI: Using ACPI for IRQ routing
[    0.519319] NetLabel: Initializing
[    0.519914] NetLabel:  domain hash size = 128
[    0.520622] NetLabel:  protocols = UNLABELED CIPSOv4
[    0.521392] NetLabel:  unlabeled traffic allowed by default
[    0.522259] amd_nb: Cannot enumerate AMD northbridges
[    0.522975] clocksource: Switched to clocksource kvm-clock
[    0.528098] AppArmor: AppArmor Filesystem Enabled
[    0.528623] pnp: PnP ACPI init
[    0.529300] pnp: PnP ACPI: found 3 devices
[    0.536445] clocksource: acpi_pm: mask: 0xffffff max_cycles: 0xffffff, max_idle_ns: 2085701024 ns
[    0.537270] NET: Registered protocol family 2
[    0.537830] TCP established hash table entries: 65536 (order: 7, 524288 bytes)
[    0.538680] TCP bind hash table entries: 65536 (order: 8, 1048576 bytes)
[    0.539681] TCP: Hash tables configured (established 65536 bind 65536)
[    0.540332] UDP hash table entries: 4096 (order: 5, 131072 bytes)
[    0.540921] UDP-Lite hash table entries: 4096 (order: 5, 131072 bytes)
[    0.541535] NET: Registered protocol family 1
[    0.542003] pci 0000:00:00.0: Limiting direct PCI/PCI transfers
[    0.542586] pci 0000:00:01.0: Activating ISA DMA hang workarounds
[    0.543240] Unpacking initramfs...
[    0.694728] Freeing initrd memory: 14888K
[    0.695209] PCI-DMA: Using software bounce buffering for IO (SWIOTLB)
[    0.695773] software IO TLB: mapped [mem 0xdbff0000-0xdfff0000] (64MB)
[    0.696412] clocksource: tsc: mask: 0xffffffffffffffff max_cycles: 0x6aaccf0b02f, max_idle_ns: 881590829384 ns
[    0.697384] platform rtc_cmos: registered platform RTC device (no PNP device found)
[    0.698175] Scanning for low memory corruption every 60 seconds
[    0.699188] audit: initializing netlink subsys (disabled)
[    0.699754] audit: type=2000 audit(1614532469.531:1): initialized
[    0.700541] Initialise system trusted keyring
[    0.701156] HugeTLB registered 2 MB page size, pre-allocated 0 pages
[    0.702425] zbud: loaded
[    0.703201] VFS: Disk quotas dquot_6.6.0
[    0.704088] VFS: Dquot-cache hash table entries: 512 (order 0, 4096 bytes)
[    0.705416] squashfs: version 4.0 (2009/01/31) Phillip Lougher
[    0.706607] fuse init (API version 7.23)
[    0.707222] Key type big_key registered
[    0.707653] Allocating IMA MOK and blacklist keyrings.
[    0.709241] Key type asymmetric registered
[    0.709860] Asymmetric key parser 'x509' registered
[    0.710547] Block layer SCSI generic (bsg) driver version 0.4 loaded (major 249)
[    0.711679] io scheduler noop registered
[    0.712299] io scheduler deadline registered (default)
[    0.713006] io scheduler cfq registered
[    0.713660] pci_hotplug: PCI Hot Plug PCI Core version: 0.5
[    0.714397] pciehp: PCI Express Hot Plug Controller Driver version: 0.4
[    0.715343] ACPI: AC Adapter [AC] (on-line)
[    0.715999] input: Power Button as /devices/LNXSYSTM:00/LNXPWRBN:00/input/input0
[    0.717048] ACPI: Power Button [PWRF]
[    0.717487] input: Sleep Button as /devices/LNXSYSTM:00/LNXSLPBN:00/input/input1
[    0.718219] ACPI: Sleep Button [SLPF]
[    0.718752] GHES: HEST is not enabled!
[    0.719226] Serial: 8250/16550 driver, 32 ports, IRQ sharing enabled
[    0.739974] 00:02: ttyS0 at I/O 0x3f8 (irq = 4, base_baud = 115200) is a 16550A
[    0.741876] Linux agpgart interface v0.103
[    0.743184] loop: module loaded
[    0.744345] scsi host0: ata_piix
[    0.744819] scsi host1: ata_piix
[    0.745169] ata1: PATA max UDMA/33 cmd 0x1f0 ctl 0x3f6 bmdma 0xd000 irq 14
[    0.745715] ata2: PATA max UDMA/33 cmd 0x170 ctl 0x376 bmdma 0xd008 irq 15
[    0.746341] libphy: Fixed MDIO Bus: probed
[    0.746737] tun: Universal TUN/TAP device driver, 1.6
[    0.747227] tun: (C) 1999-2004 Max Krasnyansky <maxk@qualcomm.com>
[    0.747823] PPP generic driver version 2.4.2
[    0.748331] ehci_hcd: USB 2.0 'Enhanced' Host Controller (EHCI) Driver
[    0.748931] ehci-pci: EHCI PCI platform driver
[    0.749402] ehci-platform: EHCI generic platform driver
[    0.749923] ohci_hcd: USB 1.1 'Open' Host Controller (OHCI) Driver
[    0.750478] ohci-pci: OHCI PCI platform driver
[    0.750975] ohci-platform: OHCI generic platform driver
[    0.751489] uhci_hcd: USB Universal Host Controller Interface driver
[    0.752066] i8042: PNP: PS/2 Controller [PNP0303:PS2K,PNP0f03:PS2M] at 0x60,0x64 irq 1,12
[    0.753186] serio: i8042 KBD port at 0x60,0x64 irq 1
[    0.753689] serio: i8042 AUX port at 0x60,0x64 irq 12
[    0.754288] mousedev: PS/2 mouse device common for all mice
[    0.754959] input: AT Translated Set 2 keyboard as /devices/platform/i8042/serio0/input/input2
[    0.756044] rtc_cmos rtc_cmos: rtc core: registered rtc_cmos as rtc0
[    0.757159] rtc_cmos rtc_cmos: alarms up to one day, 114 bytes nvram
[    0.758382] i2c /dev entries driver
[    0.759155] device-mapper: uevent: version 1.0.3
[    0.760063] device-mapper: ioctl: 4.34.0-ioctl (2015-10-28) initialised: dm-devel@redhat.com
[    0.761485] ledtrig-cpu: registered to indicate activity on CPUs
[    0.762704] NET: Registered protocol family 10
[    0.764121] NET: Registered protocol family 17
[    0.764801] Key type dns_resolver registered
[    0.765679] registered taskstats version 1
[    0.766291] Loading compiled-in X.509 certificates
[    0.767519] Loaded X.509 cert 'Build time autogenerated kernel key: c0f1dd89d7e09a1955be4fde7c6f946674683c10'
[    0.768841] zswap: loaded using pool lzo/zbud
[    0.771032] Key type trusted registered
[    0.774123] Key type encrypted registered
[    0.774817] AppArmor: AppArmor sha1 policy hashing enabled
[    0.775654] ima: No TPM chip found, activating TPM-bypass!
[    0.776504] ima: Allocated hash algorithm: sha1
[    0.777254] evm: HMAC attrs: 0x1
[    0.778075]   Magic number: 9:52:240
[    0.778769] rtc_cmos rtc_cmos: setting system clock to 2021-02-28 17:14:24 UTC (1614532464)
[    0.780207] BIOS EDD facility v0.16 2004-Jun-25, 0 devices found
[    0.780985] EDD information not available.
[    0.925186] Freeing unused kernel memory: 1496K
[    0.925624] Write protecting the kernel read-only data: 14336k
[    0.926393] Freeing unused kernel memory: 1588K
[    0.926900] Freeing unused kernel memory: 52K
Loading, please wait...
starting version 229
[    0.937125] random: systemd-udevd: uninitialized urandom read (16 bytes read, 3 bits of entropy available)
[    0.937698] random: udevadm: uninitialized urandom read (16 bytes read, 3 bits of entropy available)
[    0.937718] random: udevadm: uninitialized urandom read (16 bytes read, 3 bits of entropy available)
[    0.941464] random: systemd-udevd: uninitialized urandom read (16 bytes read, 3 bits of entropy available)
[    0.942929] random: systemd-udevd: uninitialized urandom read (16 bytes read, 3 bits of entropy available)
[    0.944438] random: systemd-udevd: uninitialized urandom read (16 bytes read, 3 bits of entropy available)
[    0.945811] random: udevadm: uninitialized urandom read (16 bytes read, 3 bits of entropy available)
[    0.945841] random: udevadm: uninitialized urandom read (16 bytes read, 3 bits of entropy available)
[    0.945925] random: udevadm: uninitialized urandom read (16 bytes read, 3 bits of entropy available)
[    0.945957] random: udevadm: uninitialized urandom read (16 bytes read, 3 bits of entropy available)
[    0.977680] e1000: Intel(R) PRO/1000 Network Driver - version 7.3.21-k8-NAPI
[    0.983023] e1000: Copyright (c) 1999-2006 Intel Corporation.
[    0.984766] Fusion MPT base driver 3.04.20
[    0.985212] Copyright (c) 1999-2008 LSI Corporation
[    0.988231] Fusion MPT SPI Host driver 3.04.20
[    1.002193] AVX2 version of gcm_enc/dec engaged.
[    1.002604] AES CTR mode by8 optimization enabled
[    1.207080] input: ImExPS/2 Generic Explorer Mouse as /devices/platform/i8042/serio1/input/input4
[    1.295476] e1000 0000:00:03.0 eth0: (PCI:33MHz:32-bit) 02:49:cb:75:7f:af
[    1.296765] e1000 0000:00:03.0 eth0: Intel(R) PRO/1000 Network Connection
[    1.297727] mptbase: ioc0: Initiating bringup
[    1.579299] ioc0: LSI53C1030 A0: Capabilities={Initiator}
[    1.740273] scsi host2: ioc0: LSI53C1030 A0, FwRev=00000000h, Ports=1, MaxQ=256, IRQ=20
[    1.851392] scsi 2:0:0:0: Direct-Access     VBOX     HARDDISK         1.0  PQ: 0 ANSI: 5
[    1.852974] scsi target2:0:0: Beginning Domain Validation
[    1.854968] scsi target2:0:0: Domain Validation skipping write tests
[    1.856079] scsi target2:0:0: Ending Domain Validation
[    1.857070] scsi target2:0:0: asynchronous
[    1.858288] scsi 2:0:1:0: Direct-Access     VBOX     HARDDISK         1.0  PQ: 0 ANSI: 5
[    1.859868] scsi target2:0:1: Beginning Domain Validation
[    1.861585] scsi target2:0:1: Domain Validation skipping write tests
[    1.862155] scsi target2:0:1: Ending Domain Validation
[    1.862689] scsi target2:0:1: asynchronous
[    1.863362] scsi 2:0:2:0: Direct-Access     VBOX     HARDDISK         1.0  PQ: 0 ANSI: 5
[    1.864141] scsi target2:0:2: Beginning Domain Validation
[    1.865373] scsi target2:0:2: Domain Validation skipping write tests
[    1.865953] scsi target2:0:2: Ending Domain Validation
[    1.866486] scsi target2:0:2: asynchronous
[    1.869997] sd 2:0:0:0: [sda] 83886080 512-byte logical blocks: (42.9 GB/40.0 GiB)
[    1.871410] sd 2:0:0:0: Attached scsi generic sg0 type 0
[    1.872661] sd 2:0:1:0: [sdb] 20480 512-byte logical blocks: (10.5 MB/10.0 MiB)
[    1.872694] sd 2:0:0:0: [sda] Write Protect is off
[    1.875208] sd 2:0:0:0: [sda] Incomplete mode parameter data
[    1.875231] sd 2:0:1:0: Attached scsi generic sg1 type 0
[    1.875367] sd 2:0:1:0: [sdb] Write Protect is off
[    1.875438] sd 2:0:1:0: [sdb] Incomplete mode parameter data
[    1.875440] sd 2:0:1:0: [sdb] Assuming drive cache: write through
[    1.878815] sd 2:0:0:0: [sda] Assuming drive cache: write through
[    1.879502] sd 2:0:2:0: Attached scsi generic sg2 type 0
[    1.879658] sd 2:0:2:0: [sdc] 41943040 512-byte logical blocks: (21.5 GB/20.0 GiB)
[    1.879729] sd 2:0:2:0: [sdc] Write Protect is off
[    1.879776] sd 2:0:2:0: [sdc] Incomplete mode parameter data
[    1.879776] sd 2:0:2:0: [sdc] Assuming drive cache: write through
[    1.880666] sd 2:0:2:0: [sdc] Attached SCSI disk
[    1.887597] sd 2:0:1:0: [sdb] Attached SCSI disk
[    1.894582]  sda: sda1
[    1.895638] sd 2:0:0:0: [sda] Attached SCSI disk
[    2.166440] e1000 0000:00:08.0 eth1: (PCI:33MHz:32-bit) 08:00:27:af:0f:7d
[    2.166985] e1000 0000:00:08.0 eth1: Intel(R) PRO/1000 Network Connection
[    2.478480] e1000 0000:00:09.0 eth2: (PCI:33MHz:32-bit) 08:00:27:9d:c7:42
[    2.479003] e1000 0000:00:09.0 eth2: Intel(R) PRO/1000 Network Connection
[    2.480358] e1000 0000:00:09.0 enp0s9: renamed from eth2
[    2.491217] e1000 0000:00:03.0 enp0s3: renamed from eth0
[    2.503118] e1000 0000:00:08.0 enp0s8: renamed from eth1
Begin: Loading essential drivers ... [    3.721097] md: linear personality registered for level -1
[    3.723552] md: multipath personality registered for level -4
[    3.725521] md: raid0 personality registered for level 0
[    3.728993] md: raid1 personality registered for level 1
[    3.799036] raid6: sse2x1   gen()  8569 MB/s
[    3.867039] raid6: sse2x1   xor()  8922 MB/s
[    3.935038] raid6: sse2x2   gen() 18407 MB/s
[    4.003033] raid6: sse2x2   xor() 12220 MB/s
[    4.071037] raid6: sse2x4   gen() 19753 MB/s
[    4.139147] raid6: sse2x4   xor() 11384 MB/s
[    4.207035] raid6: avx2x1   gen() 22001 MB/s
[    4.275034] raid6: avx2x2   gen() 37680 MB/s
[    4.343035] raid6: avx2x4   gen() 37389 MB/s
[    4.343494] raid6: using algorithm avx2x2 gen() 37680 MB/s
[    4.344027] raid6: using avx2x2 recovery algorithm
[    4.345112] xor: automatically using best checksumming function:
[    4.383032]    avx       : 16940.000 MB/sec
[    4.384509] async_tx: api initialized (async)
[    4.392653] md: raid6 personality registered for level 6
[    4.393345] md: raid5 personality registered for level 5
[    4.394013] md: raid4 personality registered for level 4
[    4.399052] md: raid10 personality registered for level 10
done.
Begin: Running /scripts/init-premount ... done.
Begin: Mounting root file system ... Begin: Running /scripts/local-top ... done.
Begin: Running /scripts/local-premount ... [    4.422226] Btrfs loaded
Scanning for Btrfs filesystems
done.
Warning: fsck not present, so skipping root file system
[    4.459820] EXT4-fs (sda1): mounted filesystem with ordered data mode. Opts: (null)
done.
Begin: Running /scripts/local-bottom ... done.
Begin: Running /scripts/init-bottom ... done.
[    4.529522] systemd[1]: systemd 229 running in system mode. (+PAM +AUDIT +SELINUX +IMA +APPARMOR +SMACK +SYSVINIT +UTMP +LIBCRYPTSETUP +GCRYPT +GNUTLS +ACL +XZ -LZ4 +SECCOMP +BLKID +ELFUTILS +KMOD -IDN)
[    4.531566] systemd[1]: Detected virtualization oracle.
[    4.532230] systemd[1]: Detected architecture x86-64.

Welcome to [1mUbuntu 16.04.7 LTS[0m!

[    4.535477] systemd[1]: Set hostname to <ubuntu>.
[    4.538539] systemd[1]: Initializing machine ID from random generator.
[    4.539827] systemd[1]: Installed transient /etc/machine-id file.
[    4.622765] systemd[1]: Listening on Journal Socket.
[[0;32m  OK  [0m] Listening on Journal Socket.
[    4.624139] systemd[1]: Listening on Syslog Socket.
[[0;32m  OK  [0m] Listening on Syslog Socket.
[    4.625046] systemd[1]: Started Trigger resolvconf update for networkd DNS.
[[0;32m  OK  [0m] Started Trigger resolvconf update for networkd DNS.
[    4.625959] systemd[1]: Listening on LVM2 poll daemon socket.
[[0;32m  OK  [0m] Listening on LVM2 poll daemon socket.
[    4.626760] systemd[1]: Listening on udev Control Socket.
[[0;32m  OK  [0m] Listening on udev Control Socket.
[    4.627545] systemd[1]: Reached target Swap.
[[0;32m  OK  [0m] Reached target Swap.
[    4.628227] systemd[1]: Started Forward Password Requests to Wall Directory Watch.
[[0;32m  OK  [0m] Started Forward Password Requests to Wall Directory Watch.
[    4.629295] systemd[1]: Reached target User and Group Name Lookups.
[[0;32m  OK  [0m] Reached target User and Group Name Lookups.
[    4.630117] systemd[1]: Listening on Journal Socket (/dev/log).
[[0;32m  OK  [0m] Listening on Journal Socket (/dev/log).
[    4.630890] systemd[1]: Reached target Encrypted Volumes.
[[0;32m  OK  [0m] Reached target Encrypted Volumes.
[    4.631616] systemd[1]: Listening on LVM2 metadata daemon socket.
[[0;32m  OK  [0m] Listening on LVM2 metadata daemon socket.
[    4.632393] systemd[1]: Listening on udev Kernel Socket.
[[0;32m  OK  [0m] Listening on udev Kernel Socket.
[    4.633103] systemd[1]: Reached target System Time Synchronized.
[[0;32m  OK  [0m] Reached target System Time Synchronized.
[    4.633884] systemd[1]: Listening on Journal Audit Socket.
[[0;32m  OK  [0m] Listening on Journal Audit Socket.
[    4.634647] systemd[1]: Listening on /dev/initctl Compatibility Named Pipe.
[[0;32m  OK  [0m] Listening on /dev/initctl Compatibility Named Pipe.
[    4.635503] systemd[1]: Listening on Device-mapper event daemon FIFOs.
[[0;32m  OK  [0m] Listening on Device-mapper event daemon FIFOs.
[    4.636448] systemd[1]: Set up automount Arbitrary Executable File Formats File System Automount Point.
[[0;32m  OK  [0m] Set up automount Arbitrary Executab...ats File System Automount Point.
[    4.637742] systemd[1]: Created slice System Slice.
[[0;32m  OK  [0m] Created slice System Slice.
[    4.638548] systemd[1]: Created slice system-serial\x2dgetty.slice.
[[0;32m  OK  [0m] Created slice system-serial\x2dgetty.slice.
[    4.651126] systemd[1]: Starting Journal Service...
         Starting Journal Service...
[    4.653887] systemd[1]: Mounting Debug File System...
         Mounting Debug File System...
[    4.655639] systemd[1]: Starting Monitoring of LVM2 mirrors, snapshots etc. using dmeventd or progress polling...
         Starting Monitoring of LVM2 mirrors... dmeventd or progress polling...
[    4.658847] systemd[1]: Mounting POSIX Message Queue File System...
         Mounting POSIX Message Queue File System...
[    4.660716] systemd[1]: Mounting Huge Pages File System...
         Mounting Huge Pages File System...
[    4.662836] systemd[1]: Starting Create list of required static device nodes for the current kernel...
         Starting Create list of required st... nodes for the current kernel...
[    4.667028] systemd[1]: Starting Load Kernel Modules...
         Starting Load Kernel Modules...
[    4.670127] systemd[1]: Starting Nameserver information manager...
         Starting Nameserver information manager...
[    4.671251] systemd[1]: Starting Uncomplicated firewall...
         Starting Uncomplicated firewall...
[    4.672365] systemd[1]: Starting Remount Root and Kernel File Systems...
         Starting Remount Root and Kernel File Systems...
[    4.674149] systemd[1]: Starting Set console keymap...
         Starting Set console keymap...
[    4.675090] systemd[1]: Created slice User and Session Slice.
[    4.675628] EXT4-fs (sda1): re-mounted. Opts: (null)
[[0;32m  OK  [0m] Created slice User and Session Slice.
[    4.679299] systemd[1]: Reached target Slices.
[[0;32m  OK  [0m] Reached target Slices.
[    4.680346] Loading iSCSI transport class v2.0-870.
[    4.681388] systemd[1]: Mounted Huge Pages File System.
[[0;32m  OK  [0m] Mounted Huge Pages File System.
[    4.682149] systemd[1]: Mounted Debug File System.
[[0;32m  OK  [0m] Mounted Debug File System.
[    4.682938] systemd[1]: Mounted POSIX Message Queue File System.
[[0;32m  OK  [0m] Mounted POSIX Message Queue File System.
[    4.684268] systemd[1]: Started Create list of required static device nodes for the current kernel.
[[0;32m  OK  [0m] Started Create list of required sta...ce nodes for the current kernel.
[    4.686145] iscsi: registered transport (tcp)
[    4.687195] systemd[1]: Started Uncomplicated firewall.
[[0;32m  OK  [0m] Started Uncomplicated firewall.
[    4.688245] systemd[1]: Started Remount Root and Kernel File Systems.
[[0;32m  OK  [0m] Started Remount Root and Kernel File Systems.
[    4.689399] systemd[1]: Started Nameserver information manager.
[[0;32m  OK  [0m] Started Nameserver information manager.
[    4.691361] systemd[1]: Started LVM2 metadata daemon.
[[0;32m  OK  [0m] Started LVM2 metadata daemon.
[    4.692798] systemd[1]: Starting udev Coldplug all Devices...
         Starting udev Coldplug all Devices...
[    4.693898] systemd[1]: Starting Load/Save Random Seed...
         Starting Load/Save Random Seed...
[    4.699550] systemd[1]: Starting Create Static Device Nodes in /dev...
         [    4.700295] random: nonblocking pool is initialized
Starting Create Static Device Nodes in /dev...
[    4.703619] systemd[1]: Started Load/Save Random Seed.
[[0;32m  OK  [0m] Started Load/Save Random Seed.
[    4.710775] systemd[1]: Started Create Static Device Nodes in /dev.
[[0;32m  OK  [0m] Started Create Static Device Nodes in /dev.
[    4.712214] systemd[1]: Starting udev Kernel Device Manager...
         Starting udev Kernel Device Manager...
[    4.715064] iscsi: registered transport (iser)
[    4.716503] systemd[1]: Started Load Kernel Modules.
[[0;32m  OK  [0m] Started Load Kernel Modules.
[    4.717763] systemd[1]: Mounting FUSE Control File System...
         Mounting FUSE Control File System...
[    4.718915] systemd[1]: Starting Apply Kernel Variables...
         Starting Apply Kernel Variables...
[    4.720399] systemd[1]: Mounted FUSE Control File System.
[[0;32m  OK  [0m] Mounted FUSE Control File System.
[    4.722063] systemd[1]: Started Journal Service.
[[0;32m  OK  [0m] Started Journal Service.
         Starting Flush Journal to Persistent Storage...
[    4.728056] systemd-journald[368]: Received request to flush runtime journal from PID 1
[[0;32m  OK  [0m] Started Apply Kernel Variables.
[[0;32m  OK  [0m] Started Flush Journal to Persistent Storage.
[[0;32m  OK  [0m] Started udev Kernel Device Manager.
[[0;32m  OK  [0m] Started Set console keymap.
[[0;32m  OK  [0m] Started udev Coldplug all Devices.
[[0;32m  OK  [0m] Started Dispatch Password Requests to Console Directory Watch.
[[0;32m  OK  [0m] Found device /dev/ttyS0.
[[0;32m  OK  [0m] Listening on Load/Save RF Kill Switch Status /dev/rfkill Watch.
[[0;32m  OK  [0m] Started Monitoring of LVM2 mirrors,...ng dmeventd or progress polling.
[[0;32m  OK  [0m] Reached target Local File Systems (Pre).
[[0;32m  OK  [0m] Reached target Local File Systems.
         Starting Commit a transient machine-id on disk...
         Starting Set console font and keymap...
         Starting Tell Plymouth To Write Out Runtime Data...
         Starting LSB: AppArmor initialization...
         Starting Initial cloud-init job (pre-networking)...
         Starting Create Volatile Files and Directories...
[[0;32m  OK  [0m] Started Create Volatile Files and Directories.
         Starting Update UTMP about System Boot/Shutdown...
[[0;32m  OK  [0m] Started Tell Plymouth To Write Out Runtime Data.
[[0;32m  OK  [0m] Started Update UTMP about System Boot/Shutdown.
[[0;32m  OK  [0m] Started Commit a transient machine-id on disk.
[[0;32m  OK  [0m] Started Set console font and keymap.
[[0;32m  OK  [0m] Created slice system-getty.slice.
[[0;32m  OK  [0m] Started LSB: AppArmor initialization.
         Starting Load AppArmor profiles managed internally by snapd...
[[0;32m  OK  [0m] Started Load AppArmor profiles managed internally by snapd.
[    5.676973] cloud-init[649]: Cloud-init v. 20.4.1-0ubuntu1~16.04.1 running 'init-local' at Sun, 28 Feb 2021 17:14:29 +0000. Up 5.47 seconds.
[[0;32m  OK  [0m] Started Initial cloud-init job (pre-networking).
[[0;32m  OK  [0m] Reached target Network (Pre).
         Starting Raise network interfaces...
[[0;32m  OK  [0m] Started Raise network interfaces.
         Starting Initial cloud-init job (metadata service crawler)...
[[0;32m  OK  [0m] Reached target Network.
[    6.743013] cloud-init[979]: Cloud-init v. 20.4.1-0ubuntu1~16.04.1 running 'init' at Sun, 28 Feb 2021 17:14:29 +0000. Up 6.03 seconds.
[    6.744030] cloud-init[979]: ci-info: ++++++++++++++++++++++++++++++++++++++Net device info+++++++++++++++++++++++++++++++++++++++
[    6.744986] cloud-init[979]: ci-info: +--------+-------+----------------------------+---------------+--------+-------------------+
[    6.745869] cloud-init[979]: ci-info: | Device |   Up  |          Address           |      Mask     | Scope  |     Hw-Address    |
[    6.746547] cloud-init[979]: ci-info: +--------+-------+----------------------------+---------------+--------+-------------------+
[    6.747222] cloud-init[979]: ci-info: | enp0s3 |  True |         10.0.2.15          | 255.255.255.0 | global | 02:49:cb:75:7f:af |
[    6.747910] cloud-init[979]: ci-info: | enp0s3 |  True | fe80::49:cbff:fe75:7faf/64 |       .       |  link  | 02:49:cb:75:7f:af |
[    6.748613] cloud-init[979]: ci-info: | enp0s8 | False |             .              |       .       |   .    | 08:00:27:af:0f:7d |
[    6.749295] cloud-init[979]: ci-info: | enp0s9 | False |             .              |       .       |   .    | 08:00:27:9d:c7:42 |
[    6.749970] cloud-init[979]: ci-info: |   lo   |  True |         127.0.0.1          |   255.0.0.0   |  host  |         .         |
[    6.750646] cloud-init[979]: ci-info: |   lo   |  True |          ::1/128           |       .       |  host  |         .         |
[    6.751323] cloud-init[979]: ci-info: +--------+-------+----------------------------+---------------+--------+-------------------+
[    6.752008] cloud-init[979]: ci-info: +++++++++++++++++++++++++++Route IPv4 info++++++++++++++++++++++++++++
[    6.752676] cloud-init[979]: ci-info: +-------+-------------+----------+---------------+-----------+-------+
[    6.753308] cloud-init[979]: ci-info: | Route | Destination | Gateway  |    Genmask    | Interface | Flags |
[    6.753992] cloud-init[979]: ci-info: +-------+-------------+----------+---------------+-----------+-------+
[    6.754636] cloud-init[979]: ci-info: |   0   |   0.0.0.0   | 10.0.2.2 |    0.0.0.0    |   enp0s3  |   UG  |
[    6.755339] cloud-init[979]: ci-info: |   1   |   10.0.2.0  | 0.0.0.0  | 255.255.255.0 |   enp0s3  |   U   |
[    6.756065] cloud-init[979]: ci-info: +-------+-------------+----------+---------------+-----------+-------+
[    6.756825] cloud-init[979]: ci-info: +++++++++++++++++++Route IPv6 info+++++++++++++++++++
[    6.757438] cloud-init[979]: ci-info: +-------+-------------+---------+-----------+-------+
[    6.757933] cloud-init[979]: ci-info: | Route | Destination | Gateway | Interface | Flags |
[    6.758467] cloud-init[979]: ci-info: +-------+-------------+---------+-----------+-------+
[    6.758955] cloud-init[979]: ci-info: |   0   |  fe80::/64  |    ::   |   enp0s3  |   U   |
[    6.759457] cloud-init[979]: ci-info: |   3   |   ff00::/8  |    ::   |   enp0s3  |   U   |
[    6.760020] cloud-init[979]: ci-info: +-------+-------------+---------+-----------+-------+
[    6.760530] cloud-init[979]: Generating public/private rsa key pair.
[    6.760993] cloud-init[979]: Your identification has been saved in /etc/ssh/ssh_host_rsa_key.
[    6.761519] cloud-init[979]: Your public key has been saved in /etc/ssh/ssh_host_rsa_key.pub.
[    6.762055] cloud-init[979]: The key fingerprint is:
[    6.762436] cloud-init[979]: SHA256:76OPzZWXFj8FGh2QgaBBlL1pRuaB3pbZCadEk7InTRE root@ubuntu-xenial
[    6.763020] cloud-init[979]: The key's randomart image is:
[    6.763424] cloud-init[979]: +---[RSA 2048]----+
[    6.763802] cloud-init[979]: |     o+=E= .o+.  |
[    6.764204] cloud-init[979]: |      +oX.o .. . |
[    6.764592] cloud-init[979]: |     ..@ @ .. o  |
[    6.764940] cloud-init[979]: |      + # o  o . |
[    6.765297] cloud-init[979]: |       *S   . . .|
[    6.765676] cloud-init[979]: |         .   . +.|
[    6.766039] cloud-init[979]: |          . o +..|
[    6.772170] cloud-init[979]: |         =.. o  .|
[    6.772582] cloud-init[979]: |        oo=.     |
[    6.773004] cloud-init[979]: +----[SHA256]-----+
[    6.773414] cloud-init[979]: Generating public/private dsa key pair.
[    6.773849] cloud-init[979]: Your identification has been saved in /etc/ssh/ssh_host_dsa_key.
[    6.774342] cloud-init[979]: Your public key has been saved in /etc/ssh/ssh_host_dsa_key.pub.
[    6.774899] cloud-init[979]: The key fingerprint is:
[    6.775360] cloud-init[979]: SHA256:2t4CP63YUW9Fw/VzXsJTsJs6elpQWhIXj5G7Ich+Paw root@ubuntu-xenial
[    6.776040] cloud-init[979]: The key's randomart image is:
[    6.776539] cloud-init[979]: +---[DSA 1024]----+
[    6.777001] cloud-init[979]: |          . +o..o|
[    6.777466] cloud-init[979]: |           o.* +.|
[[0;32m  OK  [0m] Started Initial cloud-init job (metadata service crawler).
[    6.784551] cloud-init[979]: |       . .. +.X.+|
[    6.784928] [cloud-init[0;32m  OK  [0m[979]: ] |        o .=o. B+|Reached target Cloud-config availability.

[    6.785419] [cloud-init[0;32m  OK  [0m[979]: ] |       .S ++ o+ .|Reached target System Initialization.

[    6.785900] cloud-init[979]:          Starting Socket activation for snappy daemon.
[[0;32m  OK  [0m] Listening on UUID daemon activation socket.
[[0;32m  OK  [0m] Started Daily apt download activities.
[[0;32m  OK  [0m] Started Daily apt upgrade and clean activities.
|      .o...o=o   |
[    6.787155] cloud-init[979]: |      .ooo .*.   |[[0;32m  OK  [0m] Started ACPI Events Check.
[[0;32m  OK  [0m] Reached target Paths.
[[0;32m  OK  [0m] Started Message of the Day.
[[0;32m  OK  [0m] Listening on D-Bus System Message Bus Socket.
[[0;32m  OK  [0m] Started Daily Cleanup of Temporary Directories.

[    6.788419]          Starting LXD - unix socket.
cloud-init[[0;32m  OK  [0m] Reached target Timers.
[[0;32m  OK  [0m] Listening on ACPID Listen Socket.
[[0;32m  OK  [0m] Reached target Network is Online.
[979]: |       ++oE+..   |
[    6.789344] cloud-init[979]: |      . +++o     |
[    6.789718] cloud-init[979]: +----[SHA256]-----+
[    6.790080] cloud-init[979]: Generating public/private ecdsa key pair.
[    6.790507] cloud-init[979]: Your identification has been saved in /etc/ssh/ssh_host_ecdsa_key.
[    6.791005] cloud-init[979]: Your public key has been saved in /etc/ssh/ssh_host_ecdsa_key.pub.
[    6.791497] cloud-init[979]: The key fingerprint is:
[    6.791873] cloud-init[979]: SHA256:yrt97u9elmyl0jPMBKy034LKDlorWJW1zHSS2dJabYw root@ubuntu-xenial
[    6.792446] cloud-init[979]: The key's randomart image is:
[    6.792821] cloud-init[979]: +---[ECDSA 256]---+
[    6.793163] cloud-init[979]: |         = +     |
[    6.793512] cloud-init[979]: |        B E.+    |
[    6.793915] cloud-init[979]: |       * B..o    |
[    6.794298] cloud-init[979]: |      o =. o .   |
[    6.794678] cloud-init[979]: |     .  S o   . .|
[    6.795065] cloud-init[979]: |    .. .   o B + |
[    6.795463] cloud-init[979]: |   o  =   . + #  |
[    6.795835] cloud-init[979]: |  . .o * ..  * o |
[    6.796240] cloud-init[979]: |    ..+o=+o++    |
[    6.796616] cloud-init[979]: +----[SHA256]-----+
[    6.796992] cloud-init[979]: Generating public/private ed25519 key pair.
[    6.797423] cloud-init[979]: Your identification has been saved in /etc/ssh/ssh_host_ed25519_key.
[    6.797943] cloud-init[979]: Your public key has been saved in /etc/ssh/ssh_host_ed25519_key.pub.
[    6.798448] cloud-init[979]: The key fingerprint is:
[    6.798812] cloud-init[979]: SHA256:7qU0/EquGzbfXJPXN15mJyRHBWW4lny346pbOXsXYPw root@ubuntu-xenial
[    6.799329] cloud-init[979]: The key's randomart image is:
[    6.799783] cloud-init[979]: +--[ED25519 256]--+
[    6.800198] cloud-init[979]: |              .++|
[    6.800585] cloud-init[979]: |              .o |
[    6.801038] cloud-init[979]: |            ...o |
[    6.801430] cloud-init[979]: |             == o|
[    6.801828] cloud-init[979]: |        S   o.=.o|
[    6.802224] cloud-init[979]: |       o     =.E |
[    6.802580] cloud-init[979]: |      + * . +++.X|
[    6.802959] cloud-init[979]: |     . O B ..o+**|
[    6.803358] cloud-init[979]: |      oo*.+oooo..|
[    6.803732] cloud-init[979]: +----[SHA256]-----+
         Starting iSCSI initiator daemon (iscsid)...
[[0;32m  OK  [0m] Listening on Socket activation for snappy daemon.
[[0;32m  OK  [0m] Listening on LXD - unix socket.
[[0;32m  OK  [0m] Reached target Sockets.
[[0;32m  OK  [0m] Reached target Basic System.
[[0;32m  OK  [0m] Started D-Bus System Message Bus.
         Starting Accounts Service...
[[0;32m  OK  [0m] Started Regular background program processing daemon.
[[0;32m  OK  [0m] Started Deferred execution scheduler.
[[0;32m  OK  [0m] Started FUSE filesystem for LXC.
         Starting LSB: MD monitoring daemon...
         Starting LXD - container startup/shutdown...
         Starting Pollinate to seed the pseudo random number generator...
         Starting LSB: Record successful boot for GRUB...
         Starting Login Service...
         Starting /etc/rc.local Compatibility...
[[0;32m  OK  [0m] Started ACPI event daemon.
         Starting Snap Daemon...
         Starting System Logging Service...
         Starting Virtualbox guest utils...
[[0;32m  OK  [0m] Started /etc/rc.local Compatibility.
[[0;32m  OK  [0m] Started Login Service.
[[0;32m  OK  [0m] Started Unattended Upgrades Shutdown.
         Starting Authenticate and Authorize Users to Run Privileged Tasks...
[[0;32m  OK  [0m] Started iSCSI initiator daemon (iscsid).
         Starting Login to default iSCSI targets...
[[0;32m  OK  [0m] Started LSB: Record successful boot for GRUB.
[[0;32m  OK  [0m] Started LSB: MD monitoring daemon.
[[0;32m  OK  [0m] Started System Logging Service.
[[0;32m  OK  [0m] Started Login to default iSCSI targets.
[[0;32m  OK  [0m] Reached target Remote File Systems (Pre).
[[0;32m  OK  [0m] Reached target Remote File Systems.
         Starting LSB: Set the CPU Frequency Scaling governor to "ondemand"...
         Starting LSB: daemon to balance interrupts for SMP systems...
         Starting LSB: automatic crash report generation...
         Starting Permit User Sessions...
[[0;32m  OK  [0m] Started Permit User Sessions.
         Starting Hold until boot process finishes up...
         Starting Terminate Plymouth Boot Screen...
[[0;32m  OK  [0m] Started LSB: Set the CPU Frequency Scaling governor to "ondemand".
[[0;32m  OK  [0m] Started Hold until boot process finishes up.
[[0;32m  OK  [0m] Started Terminate Plymouth Boot Screen.
[[0;32m  OK  [0m] Started Authenticate and Authorize Users to Run Privileged Tasks.
[[0;32m  OK  [0m] Started Accounts Service.
[[0;32m  OK  [0m] Started Getty on tty1.
         Starting Set console scheme...
[[0;32m  OK  [0m] Started Serial Getty on ttyS0.
[[0;32m  OK  [0m] Reached target Login Prompts.
[[0;32m  OK  [0m] Started LXD - container startup/shutdown.
[[0;32m  OK  [0m] Started Virtualbox guest utils.
[[0;32m  OK  [0m] Started LSB: daemon to balance interrupts for SMP systems.
[[0;32m  OK  [0m] Started LSB: automatic crash report generation.
[[0;32m  OK  [0m] Started Set console scheme.
[[0;32m  OK  [0m] Started Snap Daemon.
         Starting Wait until snapd is fully seeded...
[[0;32m  OK  [0m] Started Pollinate to seed the pseudo random number generator.
         Starting OpenBSD Secure Shell server...
[[0;32m  OK  [0m] Started OpenBSD Secure Shell server.
[[0;32m  OK  [0m] Started Wait until snapd is fully seeded.
[[0;32m  OK  [0m] Reached target Multi-User System.
[[0;32m  OK  [0m] Reached target Graphical Interface.
         Starting Update UTMP about System Runlevel Changes...
         Starting Apply the settings specified in cloud-config...
[[0;32m  OK  [0m] Started Update UTMP about System Runlevel Changes.
[    8.369335] cloud-init[1317]: Generating locales (this might take a while)...
[    8.737441] cloud-init[1317]:   en_US.UTF-8... done
[    8.738094] cloud-init[1317]: Generation complete.
[    8.908453] cloud-init[1317]: Cloud-init v. 20.4.1-0ubuntu1~16.04.1 running 'modules:config' at Sun, 28 Feb 2021 17:14:32 +0000. Up 8.29 seconds.
[[0;32m  OK  [0m] Started Apply the settings specified in cloud-config.
         Starting Execute cloud user/final scripts...
ci-info: no authorized SSH keys fingerprints found for user ubuntu.
<14>Feb 28 17:14:33 ec2: 
<14>Feb 28 17:14:33 ec2: #############################################################
<14>Feb 28 17:14:33 ec2: -----BEGIN SSH HOST KEY FINGERPRINTS-----
<14>Feb 28 17:14:33 ec2: 1024 SHA256:2t4CP63YUW9Fw/VzXsJTsJs6elpQWhIXj5G7Ich+Paw root@ubuntu-xenial (DSA)
<14>Feb 28 17:14:33 ec2: 256 SHA256:yrt97u9elmyl0jPMBKy034LKDlorWJW1zHSS2dJabYw root@ubuntu-xenial (ECDSA)
<14>Feb 28 17:14:33 ec2: 256 SHA256:7qU0/EquGzbfXJPXN15mJyRHBWW4lny346pbOXsXYPw root@ubuntu-xenial (ED25519)
<14>Feb 28 17:14:33 ec2: 2048 SHA256:76OPzZWXFj8FGh2QgaBBlL1pRuaB3pbZCadEk7InTRE root@ubuntu-xenial (RSA)
<14>Feb 28 17:14:33 ec2: -----END SSH HOST KEY FINGERPRINTS-----
<14>Feb 28 17:14:33 ec2: #############################################################
-----BEGIN SSH HOST KEY KEYS-----
ecdsa-sha2-nistp256 AAAAE2VjZHNhLXNoYTItbmlzdHAyNTYAAAAIbmlzdHAyNTYAAABBBEax7hmLqXub0dlfOmszqUkSxapw72YnzhE8wVMlQYDA1fueMcUds/vBckefn97eGuhJL/IPRKQ+e5b6gsij7nM= root@ubuntu-xenial
ssh-ed25519 AAAAC3NzaC1lZDI1NTE5AAAAIDSzwpGjYoMiM1IhEP5UslYtYPfk4T5IdvNpiMALd/yD root@ubuntu-xenial
ssh-rsa AAAAB3NzaC1yc2EAAAADAQABAAABAQDrnBteiKB3Hf94mW1/wWqiVpY7E+Tg6/JNBpS3fsTedegJ7kVVrDhaXuaN7Wx4yaHOvunSPzT0n4Cx5HjVz7D+CHJs7pFCp9q0qRMg21ATFL/6HC7FusKu0jOVozwk446lUqPYnx7D6itVCfvR3iLn4HZbFVtSgKjZUjLAeh1Jm1UCJGuG9DZ65egbC0ySSMfYcU/bVR7W+Gv/8odM/a1cYEaK3pjL7SthKe6QPFWcOM7xsRpMjtFFy0ROFXTHRpC87gfCsCbgIY/KR3O8Pj5Y6y411IWggCD6wBR/VZvj2kFgNRuH9BV1GJrWg8huOdSIQH2vB0raacgWLriW6FlF root@ubuntu-xenial
-----END SSH HOST KEY KEYS-----
[    9.174692] cloud-init[1359]: Cloud-init v. 20.4.1-0ubuntu1~16.04.1 running 'modules:final' at Sun, 28 Feb 2021 17:14:32 +0000. Up 9.08 seconds.
[    9.176023] cloud-init[1359]: ci-info: no authorized SSH keys fingerprints found for user ubuntu.
[    9.177110] cloud-init[1359]: Cloud-init v. 20.4.1-0ubuntu1~16.04.1 finished at Sun, 28 Feb 2021 17:14:33 +0000. Datasource DataSourceNoCloud [seed=/dev/sdb][dsmode=net].  Up 9.16 seconds
[[0;32m  OK  [0m] Started Execute cloud user/final scripts.
[[0;32m  OK  [0m] Reached target Cloud-init target.

Ubuntu 16.04.7 LTS ubuntu-xenial ttyS0

ubuntu-xenial login:          Stopping Hostname Service...
[[0;32m  OK  [0m] Closed Load/Save RF Kill Switch Status /dev/rfkill Watch.
[[0;32m  OK  [0m] Stopped target Graphical Interface.
         Stopping ACPI event daemon...
         Stopping Accounts Service...
         Stopping User Manager for UID 1000...
[[0;32m  OK  [0m] Stopped target Cloud-init target.
[[0;32m  OK  [0m] Stopped Execute cloud user/final scripts.
[[0;32m  OK  [0m] Stopped target Multi-User System.
         Stopping LSB: Set the CPU Frequency Scaling governor to "ondemand"...
[[0;32m  OK  [0m] Stopped target Login Prompts.
         Stopping Getty on tty1...
         Stopping Deferred execution scheduler...
         Stopping Virtualbox guest utils...
         Stopping LSB: automatic crash report generation...
         Stopping Regular background program processing daemon...
         Stopping System Logging Service...
         Stopping LSB: daemon to balance interrupts for SMP systems...
         Stopping LSB: Record successful boot for GRUB...
         Stopping FUSE filesystem for LXC...
         Stopping LXD - container startup/shutdown...
         Stopping Unattended Upgrades Shutdown...
         Stopping LSB: MD monitoring daemon...
         Stopping D-Bus System Message Bus...
[[0;32m  OK  [0m] Stopped Apply the settings specified in cloud-config.
[[0;32m  OK  [0m] Stopped Wait until snapd is fully seeded.
[[0;32m  OK  [0m] Stopped target Cloud-config availability.
         Unmounting /vagrant...
         Stopping Authenticate and Authorize Users to Run Privileged Tasks...
[[0;32m  OK  [0m] Stopped target Timers.
[[0;32m  OK  [0m] Stopped Daily Cleanup of Temporary Directories.
[[0;32m  OK  [0m] Stopped Mess         Stopping Serial Getty on ttyS0...
[[0;32m  OK  [0m] Stopped Daily apt upgrade and clean activities.
[[0;32m  OK  [0m] Stopped Daily apt download activities.
[[0;32m  OK  [0m] Stopped target System Time Synchronized.
         Stopping Session 2 of user vagrant.
         Stopping OpenBSD Secure Shell server...
[[0;32m  OK  [0m] Unmounted /var/lib/lxcfs.
[[0;32m  OK  [0m] Stopped Accounts Service.
[[0;32m  OK  [0m] Stopped Regular background program processing daemon.
[[0;32m  OK  [0m] Stopped Deferred execution scheduler.
[[0;32m  OK  [0m] Stopped System Logging Service.
[[0;32m  OK  [0m] Stopped ACPI event daemon.
[[0;32m  OK  [0m] Stopped Unattended Upgrades Shutdown.
[[0;32m  OK  [0m] Stopped Authenticate and Authorize Users to Run Privileged Tasks.
[[0;32m  OK  [0m] Stopped Getty on tty1.
[[0;32m  OK  [0m] Stopped Serial Getty on ttyS0.
[[0;32m  OK  [0m] Stopped OpenBSD Secure Shell server.
[[0;32m  OK  [0m] Stopped User Manager for UID 1000.
[[0;32m  OK  [0m] Stopped Hostname Service.
[[0;32m  OK  [0m] Stopped D-Bus System Message Bus.
[[0;32m  OK  [0m] Unmounted /vagrant.
[[0;32m  OK  [0m] Stopped Session 2 of user vagrant.
[[0;32m  OK  [0m] Stopped FUSE filesystem for LXC.
[[0;32m  OK  [0m] Stopped LSB: Set the CPU Frequency Scaling governor to "ondemand".
[[0;32m  OK  [0m] Stopped LXD - container startup/shutdown.
[[0;32m  OK  [0m] Stopped LSB: daemon to balance interrupts for SMP systems.
[[0;32m  OK  [0m] Stopped LSB: Record successful boot for GRUB.
[[0;32m  OK  [0m] Stopped LSB: automatic crash report generation.
[[0;32m  OK  [0m] Stopped LSB: MD monitoring daemon.
[[0;32m  OK  [0m] Removed slice User Slice of vagrant.
[[0;32m  OK  [0m] Removed slice system-serial\x2dgetty.slice.
         Stopping Permit User Sessions...
[[0;32m  OK  [0m] Stopped /etc/rc.local Compatibility.
[[0;32m  OK  [0m] Removed slice system-getty.slice.
         Stopping Login Service...
[[0;32m  OK  [0m] Stopped Virtualbox guest utils.
[[0;32m  OK  [0m] Stopped Permit User Sessions.
[[0;32m  OK  [0m] Stopped target Remote File Systems.
[[0;32m  OK  [0m] Stopped target Remote File Systems (Pre).
         Stopping Login to default iSCSI targets...
[[0;32m  OK  [0m] Stopped Login to default iSCSI targets.
         Stopping iSCSI initiator daemon (iscsid)...
[[0;32m  OK  [0m] Stopped iSCSI initiator daemon (iscsid).
[[0;32m  OK  [0m] Stopped target Network is Online.
[[0;32m  OK  [0m] Stopped target Network.
[[0;32m  OK  [0m] Stopped Login Service.
[[0;32m  OK  [0m] Stopped target Basic System.
[[0;32m  OK  [0m] Stopped target Slices.
[[0;32m  OK  [0m] Stopped target Paths.
[[0;32m  OK  [0m] Stopped Dispatch Password Requests to Console Directory Watch.
[[0;32m  OK  [0m] Stopped ACPI Events Check.
[[0;32m  OK  [0m] Stopped Forward Password Requests to Wall Directory Watch.
[[0;32m  OK  [0m] Stopped target Sockets.
[[0;32m  OK  [0m] Closed ACPID Listen Socket.
[[0;32m  OK  [0m] Closed Socket activation for snappy daemon.
[[0;32m  OK  [0m] Closed UUID daemon activation socket.
[[0;32m  OK  [0m] Closed LXD - unix socket.
[[0;32m  OK  [0m] Closed Syslog Socket.
[[0;32m  OK  [0m] Closed D-Bus System Message Bus Socket.
[[0;32m  OK  [0m] Stopped target System Initialization.
[[0;32m  OK  [0m] Stopped Commit a transient machine-id on disk.
[[0;32m  OK  [0m] Stopped Initial cloud-init job (metadata service crawler).
         Stopping Raise network interfaces...
         Stopping Update UTMP about System Boot/Shutdown...
[[0;32m  OK  [0m] Stopped target Encrypted Volumes.
         Stopping Load/Save Random Seed...
[[0;32m  OK  [0m] Stopped target Swap.
[[0;32m  OK  [0m] Removed slice User and Session Slice.
[[0;32m  OK  [0m] Stopped target User and Group Name Lookups.
[[0;32m  OK  [0m] Stopped Load/Save Random Seed.
[[0;32m  OK  [0m] Stopped Update UTMP about System Boot/Shutdown.
[[0;32m  OK  [0m] Stopped Create Volatile Files and Directories.
[[0;32m  OK  [0m] Stopped Raise network interfaces.
[[0;32m  OK  [0m] Stopped Apply Kernel Variables.
[[0;32m  OK  [0m] Stopped Load Kernel Modules.
[[0;32m  OK  [0m] Stopped target Local File Systems.
         Unmounting /run/user/1000...
[[0;32m  OK  [0m] Stopped target Network (Pre).
[[0;32m  OK  [0m] Stopped Initial cloud-init job (pre-networking).
[[0;32m  OK  [0m] Unmounted /run/user/1000.
[[0;32m  OK  [0m] Reached target Unmount All Filesystems.
[[0;32m  OK  [0m] Stopped target Local File Systems (Pre).
[[0;32m  OK  [0m] Stopped Remount Root and Kernel File Systems.
         Stopping Monitoring of LVM2 mirrors... dmeventd or progress polling...
[[0;32m  OK  [0m] Stopped Create Static Device Nodes in /dev.
[[0;32m  OK  [0m] Reached target Shutdown.
[   41.074242] reboot: Restarting system
[    0.000000] Initializing cgroup subsys cpuset
[    0.000000] Initializing cgroup subsys cpu
[    0.000000] Initializing cgroup subsys cpuacct
[    0.000000] Linux version 4.4.0-203-generic (buildd@lcy01-amd64-027) (gcc version 5.4.0 20160609 (Ubuntu 5.4.0-6ubuntu1~16.04.12) ) #235-Ubuntu SMP Tue Feb 2 02:49:08 UTC 2021 (Ubuntu 4.4.0-203.235-generic 4.4.249)
[    0.000000] Command line: BOOT_IMAGE=/boot/vmlinuz-4.4.0-203-generic root=UUID=3dc36edc-6845-4d79-8a78-231d436d6de8 ro net.ifnames=0 biosdevname=0 console=tty1 console=ttyS0
[    0.000000] KERNEL supported cpus:
[    0.000000]   Intel GenuineIntel
[    0.000000]   AMD AuthenticAMD
[    0.000000]   Centaur CentaurHauls
[    0.000000] [Firmware Bug]: TSC doesn't count with P0 frequency!
[    0.000000] x86/fpu: xstate_offset[2]:  576, xstate_sizes[2]:  256
[    0.000000] x86/fpu: Supporting XSAVE feature 0x01: 'x87 floating point registers'
[    0.000000] x86/fpu: Supporting XSAVE feature 0x02: 'SSE registers'
[    0.000000] x86/fpu: Supporting XSAVE feature 0x04: 'AVX registers'
[    0.000000] x86/fpu: Enabled xstate features 0x7, context size is 832 bytes, using 'standard' format.
[    0.000000] e820: BIOS-provided physical RAM map:
[    0.000000] BIOS-e820: [mem 0x0000000000000000-0x000000000009fbff] usable
[    0.000000] BIOS-e820: [mem 0x000000000009fc00-0x000000000009ffff] reserved
[    0.000000] BIOS-e820: [mem 0x00000000000f0000-0x00000000000fffff] reserved
[    0.000000] BIOS-e820: [mem 0x0000000000100000-0x00000000dffeffff] usable
[    0.000000] BIOS-e820: [mem 0x00000000dfff0000-0x00000000dfffffff] ACPI data
[    0.000000] BIOS-e820: [mem 0x00000000fec00000-0x00000000fec00fff] reserved
[    0.000000] BIOS-e820: [mem 0x00000000fee00000-0x00000000fee00fff] reserved
[    0.000000] BIOS-e820: [mem 0x00000000fffc0000-0x00000000ffffffff] reserved
[    0.000000] BIOS-e820: [mem 0x0000000100000000-0x000000021fffffff] usable
[    0.000000] NX (Execute Disable) protection: active
[    0.000000] SMBIOS 2.5 present.
[    0.000000] Hypervisor detected: KVM
[    0.000000] Kernel/User page tables isolation: disabled
[    0.000000] e820: last_pfn = 0x220000 max_arch_pfn = 0x400000000
[    0.000000] MTRR: Disabled
[    0.000000] x86/PAT: MTRRs disabled, skipping PAT initialization too.
[    0.000000] CPU MTRRs all blank - virtualized system.
[    0.000000] x86/PAT: Configuration [0-7]: WB  WT  UC- UC  WB  WT  UC- UC  
[    0.000000] e820: last_pfn = 0xdfff0 max_arch_pfn = 0x400000000
[    0.000000] found SMP MP-table at [mem 0x0009fff0-0x0009ffff] mapped at [ffff88000009fff0]
[    0.000000] Scanning 1 areas for low memory corruption
[    0.000000] RAMDISK: [mem 0x361ca000-0x370dcfff]
[    0.000000] ACPI: Early table checksum verification disabled
[    0.000000] ACPI: RSDP 0x00000000000E0000 000024 (v02 VBOX  )
[    0.000000] ACPI: XSDT 0x00000000DFFF0030 00003C (v01 VBOX   VBOXXSDT 00000001 ASL  00000061)
[    0.000000] ACPI: FACP 0x00000000DFFF00F0 0000F4 (v04 VBOX   VBOXFACP 00000001 ASL  00000061)
[    0.000000] ACPI: DSDT 0x00000000DFFF0470 002325 (v02 VBOX   VBOXBIOS 00000002 INTL 20190509)
[    0.000000] ACPI: FACS 0x00000000DFFF0200 000040
[    0.000000] ACPI: FACS 0x00000000DFFF0200 000040
[    0.000000] ACPI: APIC 0x00000000DFFF0240 00005C (v02 VBOX   VBOXAPIC 00000001 ASL  00000061)
[    0.000000] ACPI: SSDT 0x00000000DFFF02A0 0001CC (v01 VBOX   VBOXCPUT 00000002 INTL 20190509)
[    0.000000] No NUMA configuration found
[    0.000000] Faking a node at [mem 0x0000000000000000-0x000000021fffffff]
[    0.000000] NODE_DATA(0) allocated [mem 0x21fff5000-0x21fff9fff]
[    0.000000] kvm-clock: Using msrs 4b564d01 and 4b564d00
[    0.000000] kvm-clock: cpu 0, msr 2:1ffed001, primary cpu clock
[    0.000000] kvm-clock: using sched offset of 2975268610 cycles
[    0.000000] clocksource: kvm-clock: mask: 0xffffffffffffffff max_cycles: 0x1cd42e4dffb, max_idle_ns: 881590591483 ns
[    0.000000] Zone ranges:
[    0.000000]   DMA      [mem 0x0000000000001000-0x0000000000ffffff]
[    0.000000]   DMA32    [mem 0x0000000001000000-0x00000000ffffffff]
[    0.000000]   Normal   [mem 0x0000000100000000-0x000000021fffffff]
[    0.000000]   Device   empty
[    0.000000] Movable zone start for each node
[    0.000000] Early memory node ranges
[    0.000000]   node   0: [mem 0x0000000000001000-0x000000000009efff]
[    0.000000]   node   0: [mem 0x0000000000100000-0x00000000dffeffff]
[    0.000000]   node   0: [mem 0x0000000100000000-0x000000021fffffff]
[    0.000000] Initmem setup node 0 [mem 0x0000000000001000-0x000000021fffffff]
[    0.000000] ACPI: PM-Timer IO Port: 0x4008
[    0.000000] IOAPIC[0]: apic_id 2, version 32, address 0xfec00000, GSI 0-23
[    0.000000] ACPI: INT_SRC_OVR (bus 0 bus_irq 0 global_irq 2 dfl dfl)
[    0.000000] ACPI: INT_SRC_OVR (bus 0 bus_irq 9 global_irq 9 low level)
[    0.000000] Using ACPI (MADT) for SMP configuration information
[    0.000000] smpboot: Allowing 2 CPUs, 0 hotplug CPUs
[    0.000000] PM: Registered nosave memory: [mem 0x00000000-0x00000fff]
[    0.000000] PM: Registered nosave memory: [mem 0x0009f000-0x0009ffff]
[    0.000000] PM: Registered nosave memory: [mem 0x000a0000-0x000effff]
[    0.000000] PM: Registered nosave memory: [mem 0x000f0000-0x000fffff]
[    0.000000] PM: Registered nosave memory: [mem 0xdfff0000-0xdfffffff]
[    0.000000] PM: Registered nosave memory: [mem 0xe0000000-0xfebfffff]
[    0.000000] PM: Registered nosave memory: [mem 0xfec00000-0xfec00fff]
[    0.000000] PM: Registered nosave memory: [mem 0xfec01000-0xfedfffff]
[    0.000000] PM: Registered nosave memory: [mem 0xfee00000-0xfee00fff]
[    0.000000] PM: Registered nosave memory: [mem 0xfee01000-0xfffbffff]
[    0.000000] PM: Registered nosave memory: [mem 0xfffc0000-0xffffffff]
[    0.000000] e820: [mem 0xe0000000-0xfebfffff] available for PCI devices
[    0.000000] Booting paravirtualized kernel on KVM
[    0.000000] clocksource: refined-jiffies: mask: 0xffffffff max_cycles: 0xffffffff, max_idle_ns: 7645519600211568 ns
[    0.000000] setup_percpu: NR_CPUS:512 nr_cpumask_bits:512 nr_cpu_ids:2 nr_node_ids:1
[    0.000000] PERCPU: Embedded 33 pages/cpu @ffff88021fc00000 s95640 r8192 d31336 u1048576
[    0.000000] Built 1 zonelists in Node order, mobility grouping on.  Total pages: 2064248
[    0.000000] Policy zone: Normal
[    0.000000] Kernel command line: BOOT_IMAGE=/boot/vmlinuz-4.4.0-203-generic root=UUID=3dc36edc-6845-4d79-8a78-231d436d6de8 ro net.ifnames=0 biosdevname=0 console=tty1 console=ttyS0
[    0.000000] PID hash table entries: 4096 (order: 3, 32768 bytes)
[    0.000000] Memory: 8156376K/8388152K available (8641K kernel code, 1337K rwdata, 4044K rodata, 1496K init, 1296K bss, 231776K reserved, 0K cma-reserved)
[    0.000000] SLUB: HWalign=64, Order=0-3, MinObjects=0, CPUs=2, Nodes=1
[    0.000000] Hierarchical RCU implementation.
[    0.000000] 	Build-time adjustment of leaf fanout to 64.
[    0.000000] 	RCU restricting CPUs from NR_CPUS=512 to nr_cpu_ids=2.
[    0.000000] RCU: Adjusting geometry for rcu_fanout_leaf=64, nr_cpu_ids=2
[    0.000000] NR_IRQS:33024 nr_irqs:440 16
[    0.000000] Console: colour VGA+ 80x25
[    0.000000] console [tty1] enabled
[    0.000000] console [ttyS0] enabled
[    0.000000] tsc: Detected 3700.290 MHz processor
[    0.118251] Calibrating delay loop (skipped) preset value.. 7400.58 BogoMIPS (lpj=14801160)
[    0.119193] pid_max: default: 32768 minimum: 301
[    0.119902] ACPI: Core revision 20150930
[    0.121266] ACPI: 2 ACPI AML tables successfully acquired and loaded
[    0.122023] Security Framework initialized
[    0.122483] Yama: becoming mindful.
[    0.122904] AppArmor: AppArmor initialized
[    0.123710] Dentry cache hash table entries: 1048576 (order: 11, 8388608 bytes)
[    0.125993] Inode-cache hash table entries: 524288 (order: 10, 4194304 bytes)
[    0.127184] Mount-cache hash table entries: 16384 (order: 5, 131072 bytes)
[    0.127826] Mountpoint-cache hash table entries: 16384 (order: 5, 131072 bytes)
[    0.128726] Initializing cgroup subsys io
[    0.129173] Initializing cgroup subsys memory
[    0.129646] Initializing cgroup subsys devices
[    0.130127] Initializing cgroup subsys freezer
[    0.130605] Initializing cgroup subsys net_cls
[    0.131081] Initializing cgroup subsys perf_event
[    0.131576] Initializing cgroup subsys net_prio
[    0.132061] Initializing cgroup subsys hugetlb
[    0.132534] Initializing cgroup subsys pids
[    0.141811] mce: CPU supports 0 MCE banks
[    0.142272] Last level iTLB entries: 4KB 1024, 2MB 1024, 4MB 512
[    0.142851] Last level dTLB entries: 4KB 2048, 2MB 2048, 4MB 1024, 1GB 0
[    0.143457] Spectre V1 : Mitigation: usercopy/swapgs barriers and __user pointer sanitization
[    0.144235] Spectre V2 : Spectre mitigation: LFENCE not serializing, switching to generic retpoline
[    0.145063] Spectre V2 : Mitigation: Full generic retpoline
[    0.145561] Spectre V2 : Spectre v2 / SpectreRSB mitigation: Filling RSB on context switch
[    0.146355] Speculative Store Bypass: Mitigation: Speculative Store Bypass disabled via prctl and seccomp
[    0.148617] Freeing SMP alternatives memory: 36K
[    0.152486] ftrace: allocating 32366 entries in 127 pages
[    0.189691] smpboot: APIC(0) Converting physical 0 to logical package 0
[    0.190376] smpboot: Max logical packages: 1
[    0.191024] x2apic enabled
[    0.191531] Switched APIC routing to physical x2apic.
[    0.192781] ..TIMER: vector=0x30 apic1=0 pin1=2 apic2=-1 pin2=-1
[    0.301469] smpboot: CPU0: AMD Ryzen Threadripper 3970X 32-Core Processor (family: 0x17, model: 0x31, stepping: 0x0)
[    0.302644] Performance Events: Broken PMU hardware detected, using software events only.
[    0.303550] Failed to access perfctr msr (MSR c0010007 is 0)
[    0.308020] KVM setup paravirtual spinlock
[    0.309184] x86: Booting SMP configuration:
[    0.309672] .... node  #0, CPUs:      #1
[    0.310200] kvm-clock: cpu 1, msr 2:1ffed041, secondary cpu clock
[    0.319777] mce: CPU supports 0 MCE banks
[    0.322125] x86: Booted up 1 node, 2 CPUs
[    0.322674] smpboot: Total of 2 processors activated (14801.16 BogoMIPS)
[    0.323530] devtmpfs: initialized
[    0.325820] evm: security.selinux
[    0.326201] evm: security.SMACK64
[    0.326581] evm: security.SMACK64EXEC
[    0.326991] evm: security.SMACK64TRANSMUTE
[    0.327478] evm: security.SMACK64MMAP
[    0.327897] evm: security.ima
[    0.328275] evm: security.capability
[    0.328792] clocksource: jiffies: mask: 0xffffffff max_cycles: 0xffffffff, max_idle_ns: 7645041785100000 ns
[    0.329766] futex hash table entries: 512 (order: 3, 32768 bytes)
[    0.330400] pinctrl core: initialized pinctrl subsystem
[    0.330996] RTC time: 17:15:08, date: 02/28/21
[    0.331656] NET: Registered protocol family 16
[    0.342741] cpuidle: using governor ladder
[    0.353388] cpuidle: using governor menu
[    0.354059] PCCT header not found.
[    0.354934] ACPI: bus type PCI registered
[    0.355593] acpiphp: ACPI Hot Plug PCI Controller Driver version: 0.5
[    0.356575] PCI: Using configuration type 1 for base access
[    0.357392] PCI: Using configuration type 1 for extended access
[    0.369967] ACPI: Added _OSI(Module Device)
[    0.370649] ACPI: Added _OSI(Processor Device)
[    0.371346] ACPI: Added _OSI(3.0 _SCP Extensions)
[    0.372064] ACPI: Added _OSI(Processor Aggregator Device)
[    0.373261] ACPI: Executed 1 blocks of module-level executable AML code
[    0.375872] ACPI: Interpreter enabled
[    0.376502] ACPI: (supports S0 S5)
[    0.377082] ACPI: Using IOAPIC for interrupt routing
[    0.377952] PCI: Using host bridge windows from ACPI; if necessary, use "pci=nocrs" and report a bug
[    0.387241] ACPI: PCI Root Bridge [PCI0] (domain 0000 [bus 00-ff])
[    0.387815] acpi PNP0A03:00: _OSC: OS supports [ExtendedConfig ASPM ClockPM Segments MSI]
[    0.388952] acpi PNP0A03:00: _OSC: platform does not support [PCIeCapability]
[    0.389750] acpi PNP0A03:00: _OSC: not requesting control; platform does not support [PCIeCapability]
[    0.390648] acpi PNP0A03:00: _OSC: OS requested [PCIeHotplug PME AER PCIeCapability]
[    0.391429] acpi PNP0A03:00: _OSC: platform willing to grant [PCIeHotplug PME AER]
[    0.392196] acpi PNP0A03:00: _OSC failed (AE_SUPPORT); disabling ASPM
[    0.392912] PCI host bridge to bus 0000:00
[    0.393346] pci_bus 0000:00: root bus resource [io  0x0000-0x0cf7 window]
[    0.393962] pci_bus 0000:00: root bus resource [io  0x0d00-0xffff window]
[    0.394564] pci_bus 0000:00: root bus resource [mem 0x000a0000-0x000bffff window]
[    0.395321] pci_bus 0000:00: root bus resource [mem 0xe0000000-0xfdffffff window]
[    0.396094] pci_bus 0000:00: root bus resource [bus 00-ff]
[    0.397281] pci 0000:00:01.1: legacy IDE quirk: reg 0x10: [io  0x01f0-0x01f7]
[    0.397912] pci 0000:00:01.1: legacy IDE quirk: reg 0x14: [io  0x03f6]
[    0.398504] pci 0000:00:01.1: legacy IDE quirk: reg 0x18: [io  0x0170-0x0177]
[    0.399142] pci 0000:00:01.1: legacy IDE quirk: reg 0x1c: [io  0x0376]
[    0.439493] pci 0000:00:07.0: quirk: [io  0x4000-0x403f] claimed by PIIX4 ACPI
[    0.440870] pci 0000:00:07.0: quirk: [io  0x4100-0x410f] claimed by PIIX4 SMB
[    0.481330] ACPI: PCI Interrupt Link [LNKA] (IRQs 5 9 10 *11)
[    0.483134] ACPI: PCI Interrupt Link [LNKB] (IRQs 5 9 *10 11)
[    0.484730] ACPI: PCI Interrupt Link [LNKC] (IRQs 5 *9 10 11)
[    0.486293] ACPI: PCI Interrupt Link [LNKD] (IRQs 5 9 10 *11)
[    0.488119] ACPI: Enabled 2 GPEs in block 00 to 07
[    0.489715] vgaarb: setting as boot device: PCI:0000:00:02.0
[    0.490373] vgaarb: device added: PCI:0000:00:02.0,decodes=io+mem,owns=io+mem,locks=none
[    0.491197] vgaarb: loaded
[    0.491524] vgaarb: bridge control possible 0000:00:02.0
[    0.492192] SCSI subsystem initialized
[    0.492682] ACPI: bus type USB registered
[    0.493137] usbcore: registered new interface driver usbfs
[    0.493666] usbcore: registered new interface driver hub
[    0.494189] usbcore: registered new device driver usb
[    0.494799] PCI: Using ACPI for IRQ routing
[    0.495407] NetLabel: Initializing
[    0.495805] NetLabel:  domain hash size = 128
[    0.496271] NetLabel:  protocols = UNLABELED CIPSOv4
[    0.496777] NetLabel:  unlabeled traffic allowed by default
[    0.497412] amd_nb: Cannot enumerate AMD northbridges
[    0.497962] clocksource: Switched to clocksource kvm-clock
[    0.502418] AppArmor: AppArmor Filesystem Enabled
[    0.502950] pnp: PnP ACPI init
[    0.503667] pnp: PnP ACPI: found 3 devices
[    0.510987] clocksource: acpi_pm: mask: 0xffffff max_cycles: 0xffffff, max_idle_ns: 2085701024 ns
[    0.511881] NET: Registered protocol family 2
[    0.512427] TCP established hash table entries: 65536 (order: 7, 524288 bytes)
[    0.513248] TCP bind hash table entries: 65536 (order: 8, 1048576 bytes)
[    0.514063] TCP: Hash tables configured (established 65536 bind 65536)
[    0.514658] UDP hash table entries: 4096 (order: 5, 131072 bytes)
[    0.515234] UDP-Lite hash table entries: 4096 (order: 5, 131072 bytes)
[    0.515855] NET: Registered protocol family 1
[    0.516308] pci 0000:00:00.0: Limiting direct PCI/PCI transfers
[    0.516865] pci 0000:00:01.0: Activating ISA DMA hang workarounds
[    0.517498] Unpacking initramfs...
[    0.670630] Freeing initrd memory: 15436K
[    0.671147] PCI-DMA: Using software bounce buffering for IO (SWIOTLB)
[    0.671740] software IO TLB: mapped [mem 0xdbff0000-0xdfff0000] (64MB)
[    0.672388] clocksource: tsc: mask: 0xffffffffffffffff max_cycles: 0x6aaccf0b02f, max_idle_ns: 881590829384 ns
[    0.673352] platform rtc_cmos: registered platform RTC device (no PNP device found)
[    0.674192] Scanning for low memory corruption every 60 seconds
[    0.675175] audit: initializing netlink subsys (disabled)
[    0.675734] audit: type=2000 audit(1614532513.605:1): initialized
[    0.676501] Initialise system trusted keyring
[    0.677128] HugeTLB registered 2 MB page size, pre-allocated 0 pages
[    0.678584] zbud: loaded
[    0.679394] VFS: Disk quotas dquot_6.6.0
[    0.680168] VFS: Dquot-cache hash table entries: 512 (order 0, 4096 bytes)
[    0.681496] squashfs: version 4.0 (2009/01/31) Phillip Lougher
[    0.682603] fuse init (API version 7.23)
[    0.683121] Key type big_key registered
[    0.683561] Allocating IMA MOK and blacklist keyrings.
[    0.684664] Key type asymmetric registered
[    0.685298] Asymmetric key parser 'x509' registered
[    0.686149] Block layer SCSI generic (bsg) driver version 0.4 loaded (major 249)
[    0.687303] io scheduler noop registered
[    0.687913] io scheduler deadline registered (default)
[    0.688662] io scheduler cfq registered
[    0.689329] pci_hotplug: PCI Hot Plug PCI Core version: 0.5
[    0.690101] pciehp: PCI Express Hot Plug Controller Driver version: 0.4
[    0.691079] ACPI: AC Adapter [AC] (on-line)
[    0.691744] input: Power Button as /devices/LNXSYSTM:00/LNXPWRBN:00/input/input0
[    0.692852] ACPI: Power Button [PWRF]
[    0.693471] input: Sleep Button as /devices/LNXSYSTM:00/LNXSLPBN:00/input/input1
[    0.694601] ACPI: Sleep Button [SLPF]
[    0.695285] GHES: HEST is not enabled!
[    0.695909] Serial: 8250/16550 driver, 32 ports, IRQ sharing enabled
[    0.717037] 00:02: ttyS0 at I/O 0x3f8 (irq = 4, base_baud = 115200) is a 16550A
[    0.718924] Linux agpgart interface v0.103
[    0.720266] loop: module loaded
[    0.721576] scsi host0: ata_piix
[    0.722280] scsi host1: ata_piix
[    0.722890] ata1: PATA max UDMA/33 cmd 0x1f0 ctl 0x3f6 bmdma 0xd000 irq 14
[    0.723806] ata2: PATA max UDMA/33 cmd 0x170 ctl 0x376 bmdma 0xd008 irq 15
[    0.724798] libphy: Fixed MDIO Bus: probed
[    0.725463] tun: Universal TUN/TAP device driver, 1.6
[    0.726021] tun: (C) 1999-2004 Max Krasnyansky <maxk@qualcomm.com>
[    0.726610] PPP generic driver version 2.4.2
[    0.727081] ehci_hcd: USB 2.0 'Enhanced' Host Controller (EHCI) Driver
[    0.727642] ehci-pci: EHCI PCI platform driver
[    0.728076] ehci-platform: EHCI generic platform driver
[    0.728544] ohci_hcd: USB 1.1 'Open' Host Controller (OHCI) Driver
[    0.729087] ohci-pci: OHCI PCI platform driver
[    0.729532] ohci-platform: OHCI generic platform driver
[    0.730031] uhci_hcd: USB Universal Host Controller Interface driver
[    0.730612] i8042: PNP: PS/2 Controller [PNP0303:PS2K,PNP0f03:PS2M] at 0x60,0x64 irq 1,12
[    0.731711] serio: i8042 KBD port at 0x60,0x64 irq 1
[    0.732172] serio: i8042 AUX port at 0x60,0x64 irq 12
[    0.732714] mousedev: PS/2 mouse device common for all mice
[    0.733380] input: AT Translated Set 2 keyboard as /devices/platform/i8042/serio0/input/input2
[    0.734446] rtc_cmos rtc_cmos: rtc core: registered rtc_cmos as rtc0
[    0.735034] rtc_cmos rtc_cmos: alarms up to one day, 114 bytes nvram
[    0.735597] i2c /dev entries driver
[    0.736008] device-mapper: uevent: version 1.0.3
[    0.736500] device-mapper: ioctl: 4.34.0-ioctl (2015-10-28) initialised: dm-devel@redhat.com
[    0.737315] ledtrig-cpu: registered to indicate activity on CPUs
[    0.738278] NET: Registered protocol family 10
[    0.739271] NET: Registered protocol family 17
[    0.739702] Key type dns_resolver registered
[    0.740362] registered taskstats version 1
[    0.740733] Loading compiled-in X.509 certificates
[    0.741539] Loaded X.509 cert 'Build time autogenerated kernel key: c0f1dd89d7e09a1955be4fde7c6f946674683c10'
[    0.742418] zswap: loaded using pool lzo/zbud
[    0.744230] Key type trusted registered
[    0.746799] Key type encrypted registered
[    0.747225] AppArmor: AppArmor sha1 policy hashing enabled
[    0.747712] ima: No TPM chip found, activating TPM-bypass!
[    0.748241] ima: Allocated hash algorithm: sha1
[    0.748678] evm: HMAC attrs: 0x1
[    0.749207]   Magic number: 9:602:290
[    0.749589] tty tty23: hash matches
[    0.750023] rtc_cmos rtc_cmos: setting system clock to 2021-02-28 17:15:08 UTC (1614532508)
[    0.750862] BIOS EDD facility v0.16 2004-Jun-25, 0 devices found
[    0.751381] EDD information not available.
[    0.901263] Freeing unused kernel memory: 1496K
[    0.901780] Write protecting the kernel read-only data: 14336k
[    0.903236] Freeing unused kernel memory: 1588K
[    0.904222] Freeing unused kernel memory: 52K
Loading, please wait...
starting version 229
[    0.913929] random: systemd-udevd: uninitialized urandom read (16 bytes read, 1 bits of entropy available)
[    0.914071] random: udevadm: uninitialized urandom read (16 bytes read, 1 bits of entropy available)
[    0.914090] random: udevadm: uninitialized urandom read (16 bytes read, 1 bits of entropy available)
[    0.918196] random: systemd-udevd: uninitialized urandom read (16 bytes read, 1 bits of entropy available)
[    0.919167] random: systemd-udevd: uninitialized urandom read (16 bytes read, 1 bits of entropy available)
[    0.919323] random: udevadm: uninitialized urandom read (16 bytes read, 1 bits of entropy available)
[    0.919353] random: udevadm: uninitialized urandom read (16 bytes read, 1 bits of entropy available)
[    0.919437] random: udevadm: uninitialized urandom read (16 bytes read, 1 bits of entropy available)
[    0.919469] random: udevadm: uninitialized urandom read (16 bytes read, 1 bits of entropy available)
[    0.919505] random: udevadm: uninitialized urandom read (16 bytes read, 1 bits of entropy available)
[    0.950954] e1000: Intel(R) PRO/1000 Network Driver - version 7.3.21-k8-NAPI
[    0.956773] e1000: Copyright (c) 1999-2006 Intel Corporation.
[    0.961526] Fusion MPT base driver 3.04.20
[    0.962273] Copyright (c) 1999-2008 LSI Corporation
[    0.967249] Fusion MPT SPI Host driver 3.04.20
[    0.973686] AVX2 version of gcm_enc/dec engaged.
[    0.974184] AES CTR mode by8 optimization enabled
[    1.514503] input: ImExPS/2 Generic Explorer Mouse as /devices/platform/i8042/serio1/input/input4
[    1.533635] e1000 0000:00:03.0 eth0: (PCI:33MHz:32-bit) 02:49:cb:75:7f:af
[    1.534218] e1000 0000:00:03.0 eth0: Intel(R) PRO/1000 Network Connection
[    1.535071] mptbase: ioc0: Initiating bringup
[    1.882172] ioc0: LSI53C1030 A0: Capabilities={Initiator}
[    4.007137] scsi host2: ioc0: LSI53C1030 A0, FwRev=00000000h, Ports=1, MaxQ=256, IRQ=20
[    4.418879] scsi 2:0:0:0: Direct-Access     VBOX     HARDDISK         1.0  PQ: 0 ANSI: 5
[    4.420334] scsi target2:0:0: Beginning Domain Validation
[    4.421954] scsi target2:0:0: Domain Validation skipping write tests
[    4.422814] scsi target2:0:0: Ending Domain Validation
[    4.423600] scsi target2:0:0: asynchronous
[    4.424495] scsi 2:0:1:0: Direct-Access     VBOX     HARDDISK         1.0  PQ: 0 ANSI: 5
[    4.425711] scsi target2:0:1: Beginning Domain Validation
[    4.427183] scsi target2:0:1: Domain Validation skipping write tests
[    4.428049] scsi target2:0:1: Ending Domain Validation
[    4.428822] scsi target2:0:1: asynchronous
[    4.429826] scsi 2:0:2:0: Direct-Access     VBOX     HARDDISK         1.0  PQ: 0 ANSI: 5
[    4.430975] scsi target2:0:2: Beginning Domain Validation
[    4.432349] scsi target2:0:2: Domain Validation skipping write tests
[    4.432958] scsi target2:0:2: Ending Domain Validation
[    4.433500] scsi target2:0:2: asynchronous
[    4.436754] sd 2:0:0:0: [sda] 83886080 512-byte logical blocks: (42.9 GB/40.0 GiB)
[    4.437513] sd 2:0:0:0: Attached scsi generic sg0 type 0
[    4.438245] sd 2:0:0:0: [sda] Write Protect is off
[    4.438755] sd 2:0:1:0: Attached scsi generic sg1 type 0
[    4.439301] sd 2:0:1:0: [sdb] 20480 512-byte logical blocks: (10.5 MB/10.0 MiB)
[    4.441021] sd 2:0:0:0: [sda] Incomplete mode parameter data
[    4.441025] sd 2:0:2:0: Attached scsi generic sg2 type 0
[    4.442104] sd 2:0:2:0: [sdc] 41943040 512-byte logical blocks: (21.5 GB/20.0 GiB)
[    4.442190] sd 2:0:2:0: [sdc] Write Protect is off
[    4.442245] sd 2:0:2:0: [sdc] Incomplete mode parameter data
[    4.442246] sd 2:0:2:0: [sdc] Assuming drive cache: write through
[    4.446260] sd 2:0:0:0: [sda] Assuming drive cache: write through
[    4.446511] sd 2:0:1:0: [sdb] Write Protect is off
[    4.446577] sd 2:0:1:0: [sdb] Incomplete mode parameter data
[    4.446578] sd 2:0:1:0: [sdb] Assuming drive cache: write through
[    4.461175]  sda: sda1
[    4.462937] sd 2:0:1:0: [sdb] Attached SCSI disk
[    4.464032] sd 2:0:2:0: [sdc] Attached SCSI disk
[    4.465086] sd 2:0:0:0: [sda] Attached SCSI disk
[    4.737750] e1000 0000:00:08.0 eth1: (PCI:33MHz:32-bit) 08:00:27:af:0f:7d
[    4.738380] e1000 0000:00:08.0 eth1: Intel(R) PRO/1000 Network Connection
[    5.057072] e1000 0000:00:09.0 eth2: (PCI:33MHz:32-bit) 08:00:27:9d:c7:42
[    5.057998] e1000 0000:00:09.0 eth2: Intel(R) PRO/1000 Network Connection
[    5.060466] e1000 0000:00:03.0 enp0s3: renamed from eth0
Begin: Loading essential drivers ... [    6.280948] md: linear personality registered for level -1
[    6.283460] md: multipath personality registered for level -4
[    6.285593] md: raid0 personality registered for level 0
[    6.289245] md: raid1 personality registered for level 1
[    6.358040] raid6: sse2x1   gen()  8731 MB/s
[    6.426032] raid6: sse2x1   xor()  8768 MB/s
[    6.494016] raid6: sse2x2   gen() 17908 MB/s
[    6.562005] raid6: sse2x2   xor() 11821 MB/s
[    6.629995] raid6: sse2x4   gen() 19024 MB/s
[    6.698044] raid6: sse2x4   xor() 10972 MB/s
[    6.765973] raid6: avx2x1   gen() 21379 MB/s
[    6.834023] raid6: avx2x2   gen() 36298 MB/s
[    6.902011] raid6: avx2x4   gen() 35894 MB/s
[    6.902540] raid6: using algorithm avx2x2 gen() 36298 MB/s
[    6.903157] raid6: using avx2x2 recovery algorithm
[    6.904930] xor: automatically using best checksumming function:
[    6.945974]    avx       : 16554.000 MB/sec
[    6.947589] async_tx: api initialized (async)
[    6.957123] md: raid6 personality registered for level 6
[    6.957813] md: raid5 personality registered for level 5
[    6.958357] md: raid4 personality registered for level 4
[    6.963228] md: raid10 personality registered for level 10
done.
Begin: Running /scripts/init-premount ... done.
Begin: Mounting root file system ... Begin: Running /scripts/local-top ... done.
Begin: Running /scripts/local-premount ... [    6.987825] Btrfs loaded
Scanning for Btrfs filesystems
done.
Warning: fsck not present, so skipping root file system
[    7.026779] EXT4-fs (sda1): mounted filesystem with ordered data mode. Opts: (null)
done.
Begin: Running /scripts/local-bottom ... done.
Begin: Running /scripts/init-bottom ... done.
[    7.097030] systemd[1]: systemd 229 running in system mode. (+PAM +AUDIT +SELINUX +IMA +APPARMOR +SMACK +SYSVINIT +UTMP +LIBCRYPTSETUP +GCRYPT +GNUTLS +ACL +XZ -LZ4 +SECCOMP +BLKID +ELFUTILS +KMOD -IDN)
[    7.099859] systemd[1]: Detected virtualization oracle.
[    7.100737] systemd[1]: Detected architecture x86-64.

Welcome to [1mUbuntu 16.04.7 LTS[0m!

[    7.103023] systemd[1]: Set hostname to <controller>.
[    7.192203] systemd[1]: Reached target Encrypted Volumes.
[[0;32m  OK  [0m] Reached target Encrypted Volumes.
[    7.193721] systemd[1]: Reached target System Time Synchronized.
[[0;32m  OK  [0m] Reached target System Time Synchronized.
[    7.195186] systemd[1]: Listening on LVM2 metadata daemon socket.
[[0;32m  OK  [0m] Listening on LVM2 metadata daemon socket.
[    7.196588] systemd[1]: Reached target User and Group Name Lookups.
[[0;32m  OK  [0m] Reached target User and Group Name Lookups.
[    7.198159] systemd[1]: Listening on udev Control Socket.
[[0;32m  OK  [0m] Listening on udev Control Socket.
[    7.199543] systemd[1]: Started Forward Password Requests to Wall Directory Watch.
[[0;32m  OK  [0m] Started Forward Password Requests to Wall Directory Watch.
[    7.201336] systemd[1]: Listening on udev Kernel Socket.
[[0;32m  OK  [0m] Listening on udev Kernel Socket.
[    7.202720] systemd[1]: Listening on Journal Socket (/dev/log).
[[0;32m  OK  [0m] Listening on Journal Socket (/dev/log).
[    7.204095] systemd[1]: Listening on Journal Audit Socket.
[[0;32m  OK  [0m] Listening on Journal Audit Socket.
[    7.205383] systemd[1]: Reached target Swap.
[[0;32m  OK  [0m] Reached target Swap.
[    7.206329] systemd[1]: Set up automount Arbitrary Executable File Formats File System Automount Point.
[[0;32m  OK  [0m] Set up automount Arbitrary Executab...ats File System Automount Point.
[    7.207914] systemd[1]: Created slice User and Session Slice.
[[0;32m  OK  [0m] Created slice User and Session Slice.
[    7.208844] systemd[1]: Started Trigger resolvconf update for networkd DNS.
[[0;32m  OK  [0m] Started Trigger resolvconf update for networkd DNS.
[    7.209911] systemd[1]: Listening on Device-mapper event daemon FIFOs.
[[0;32m  OK  [0m] Listening on Device-mapper event daemon FIFOs.
[    7.210967] systemd[1]: Listening on Syslog Socket.
[[0;32m  OK  [0m] Listening on Syslog Socket.
[    7.211823] systemd[1]: Listening on LVM2 poll daemon socket.
[[0;32m  OK  [0m] Listening on LVM2 poll daemon socket.
[    7.212761] systemd[1]: Listening on Journal Socket.
[[0;32m  OK  [0m] Listening on Journal Socket.
[    7.213611] systemd[1]: Listening on /dev/initctl Compatibility Named Pipe.
[[0;32m  OK  [0m] Listening on /dev/initctl Compatibility Named Pipe.
[    7.214751] systemd[1]: Created slice System Slice.
[[0;32m  OK  [0m] Created slice System Slice.
[    7.226033] systemd[1]: Starting Nameserver information manager...
         [    7.227272] random: nonblocking pool is initialized
Starting Nameserver information manager...
[    7.229894] systemd[1]: Starting Create list of required static device nodes for the current kernel...
         Starting Create list of required st... nodes for the current kernel...
[    7.232835] systemd[1]: Mounting Debug File System...
         Mounting Debug File System...
[    7.238587] systemd[1]: Starting Remount Root and Kernel File Systems...
         Starting Remount Root and Kernel File Systems...
[    7.240431] EXT4-fs (sda1): re-mounted. Opts: (null)
[    7.246545] systemd[1]: Mounting POSIX Message Queue File System...
         Mounting POSIX Message Queue File System...
[    7.248005] systemd[1]: Reached target Slices.
[[0;32m  OK  [0m] Reached target Slices.
[    7.249608] systemd[1]: Mounting Huge Pages File System...
         Mounting Huge Pages File System...
[    7.251222] systemd[1]: Created slice system-serial\x2dgetty.slice.
[[0;32m  OK  [0m] Created slice system-serial\x2dgetty.slice.
[    7.253160] systemd[1]: Starting Uncomplicated firewall...
         Starting Uncomplicated firewall...
[    7.278103] systemd[1]: Starting Load Kernel Modules...
         Starting Load Kernel Modules...
[    7.280249] systemd[1]: Starting Set console keymap...
         Starting Set console keymap...
[    7.282526] systemd[1]: Starting Monitoring of LVM2 mirrors, snapshots etc. using dmeventd or progress polling...
         Starting Monitoring of LVM2 mirrors... dmeventd or progress polling...
[    7.286466] systemd[1]: Starting Journal Service...
         Starting Journal Service...
[    7.289511] systemd[1]: Mounted Huge Pages File System.
[[0;32m  OK  [0m] Mounted Huge Pages File System.
[    7.290411] systemd[1]: Mounted Debug File System.
[[0;32m  OK  [0m] Mounted Debug File System.
[    7.291226] systemd[1]: Mounted POSIX Message Queue File System.
[[0;32m  OK  [0m] Mounted POSIX Message Queue File System.
[    7.292598] systemd[1]: Started Create list of required static device nodes for the current kernel.
[    7.293668] Loading iSCSI transport class v2.0-870.
[[0;32m  OK  [0m] Started Create list of required sta...ce nodes for the current kernel.
[    7.295628] systemd[1]: Started Remount Root and Kernel File Systems.
[[0;32m  OK  [0m] Started Remount Root and Kernel File Systems.
[    7.297060] systemd[1]: Started Uncomplicated firewall.
[[0;32m  OK  [0m] Started Uncomplicated firewall.
[    7.299432] systemd[1]: Starting udev Coldplug all Devices...
         Starting udev Coldplug all Devices...
[    7.300767] iscsi: registered transport (tcp)
[    7.302415] systemd[1]: Starting Load/Save Random Seed...
         Starting Load/Save Random Seed...
[    7.303657] systemd[1]: Starting Create Static Device Nodes in /dev...
         Starting Create Static Device Nodes in /dev...
[    7.305703] systemd[1]: Started Nameserver information manager.
[[0;32m  OK  [0m] Started Nameserver information manager.
[    7.307249] systemd[1]: Started LVM2 metadata daemon.
[[0;32m  OK  [0m] Started LVM2 metadata daemon.
[    7.311441] systemd[1]: Started Load/Save Random Seed.
[[0;32m  OK  [0m] Started Load/Save Random Seed.
[    7.326333] systemd[1]: Started Create Static Device Nodes in /dev.
[[0;32m  OK  [0m] Started Create Static Device Nodes in /dev.
[    7.330120] systemd[1]: Started Journal Service.
[[0;32m  OK  [0m] Started Journal Service.
         Starting Flush Journal to Persistent Storage...
         Starting udev Kernel Device Manager...
[[0;32m  OK  [0m] Started Set console keymap.
[    7.345963] iscsi: registered transport (iser)
[[0;32m  OK  [0m] Started Load Kernel Modules.
         Mounting Configuration File System...
         Starting Apply Kernel Variables...
         Mounting FUSE Control File System...
[[0;32m  OK  [0m] Mounted FUSE Control File System.
[[0;32m  OK  [0m] Mounted Configuration File System.
[    7.355662] systemd-journald[407]: Received request to flush runtime journal from PID 1
[[0;32m  OK  [0m] Started Flush Journal to Persistent Storage.
[[0;32m  OK  [0m] Started Apply Kernel Variables.
[[0;32m  OK  [0m] Started udev Kernel Device Manager.
[[0;32m  OK  [0m] Started udev Coldplug all Devices.
[[0;32m  OK  [0m] Started Dispatch Password Requests to Console Directory Watch.
[[0;32m  OK  [0m] Found device /dev/ttyS0.
[[0;32m  OK  [0m] Started Monitoring of LVM2 mirrors,...ng dmeventd or progress polling.
[[0;32m  OK  [0m] Reached target Local File Systems (Pre).
         Mounting /vagrant...
[[0;32m  OK  [0m] Reached target Local File Systems.
         Starting Initial cloud-init job (pre-networking)...
         Starting Create Volatile Files and Directories...
         Starting LSB: AppArmor initialization...
         Starting Set console font and keymap...
         Starting Tell Plymouth To Write Out Runtime Data...
[[0;1;31mFAILED[0m] Failed to mount /vagrant.
See 'systemctl status vagrant.mount' for details.
[[0;32m  OK  [0m] Started Create Volatile Files and Directories.
[[0;32m  OK  [0m] Started Tell Plymouth To Write Out Runtime Data.
[[0;32m  OK  [0m] Listening on Load/Save RF Kill Switch Status /dev/rfkill Watch.
         Starting Update UTMP about System Boot/Shutdown...
[[0;32m  OK  [0m] Started Update UTMP about System Boot/Shutdown.
[[0;32m  OK  [0m] Found device 82540EM Gigabit Ethern...r (PRO/1000 MT Desktop Adapter).
[[0;32m  OK  [0m] Found device 82540EM Gigabit Ethern...r (PRO/1000 MT Desktop Adapter).
[[0;32m  OK  [0m] Found device 82540EM Gigabit Ethern...r (PRO/1000 MT Desktop Adapter).
[[0;32m  OK  [0m] Started LSB: AppArmor initialization.
         Starting Load AppArmor profiles managed internally by snapd...
[[0;32m  OK  [0m] Started Load AppArmor profiles managed internally by snapd.
[[0;32m  OK  [0m] Started Set console font and keymap.
[[0;32m  OK  [0m] Created slice system-getty.slice.
[    7.926725] cloud-init[628]: Cloud-init v. 20.4.1-0ubuntu1~16.04.1 running 'init-local' at Sun, 28 Feb 2021 17:15:15 +0000. Up 7.75 seconds.
[[0;32m  OK  [0m] Started Initial cloud-init job (pre-networking).
[[0;32m  OK  [0m] Reached target Network (Pre).
[[0;32m  OK  [0m] Started ifup for enp0s3.
         Starting Raise network interfaces...
[[0;32m  OK  [0m] Started ifup for eth1.
[[0;32m  OK  [0m] Started ifup for eth2.
[[0;32m  OK  [0m] Started Raise network interfaces.
         Starting Initial cloud-init job (metadata service crawler)...
[[0;32m  OK  [0m] Reached target Network.
[    8.436736] cloud-init[1236]: Cloud-init v. 20.4.1-0ubuntu1~16.04.1 running 'init' at Sun, 28 Feb 2021 17:15:16 +0000. Up 8.27 seconds.
[    8.437655] cloud-init[1236]: ci-info: ++++++++++++++++++++++++++++++++++++++Net device info+++++++++++++++++++++++++++++++++++++++
[    8.438428] cloud-init[1236]: ci-info: +--------+------+-----------------------------+---------------+--------+-------------------+
[    8.439244] cloud-init[1236]: ci-info: | Device |  Up  |           Address           |      Mask     | Scope  |     Hw-Address    |
[    8.440090] cloud-init[1236]: ci-info: +--------+------+-----------------------------+---------------+--------+-------------------+
[    8.440867] cloud-init[1236]: ci-info: | enp0s3 | True |          10.0.2.15          | 255.255.255.0 | global | 02:49:cb:75:7f:af |
[    8.441643] cloud-init[1236]: ci-info: | enp0s3 | True |  fe80::49:cbff:fe75:7faf/64 |       .       |  link  | 02:49:cb:75:7f:af |
[    8.442434] cloud-init[1236]: ci-info: |  eth1  | True |          10.0.0.11          | 255.255.255.0 | global | 08:00:27:af:0f:7d |
[    8.443250] cloud-init[1236]: ci-info: |  eth1  | True |  fe80::a00:27ff:feaf:f7d/64 |       .       |  link  | 08:00:27:af:0f:7d |
[    8.443992] cloud-init[1236]: ci-info: |  eth2  | True | fe80::a00:27ff:fe9d:c742/64 |       .       |  link  | 08:00:27:9d:c7:42 |
[    8.444748] cloud-init[1236]: ci-info: |   lo   | True |          127.0.0.1          |   255.0.0.0   |  host  |         .         |
[    8.445429] cloud-init[1236]: ci-info: |   lo   | True |           ::1/128           |       .       |  host  |         .         |
[    8.446133] cloud-init[1236]: ci-info: +--------+------+-----------------------------+---------------+--------+-------------------+
[    8.446853] cloud-init[1236]: ci-info: +++++++++++++++++++++++++++Route IPv4 info++++++++++++++++++++++++++++
[    8.447875] cloud-init[1236]: ci-info: +-------+-------------+----------+---------------+-----------+-------+
[    8.448704] cloud-init[1236]: ci-info: | Route | Destination | Gateway  |    Genmask    | Interface | Flags |
[    8.449426] cloud-init[1236]: ci-info: +-------+-------------+----------+---------------+-----------+-------+
[    8.450147] cloud-init[1236]: ci-info: |   0   |   0.0.0.0   | 10.0.2.2 |    0.0.0.0    |   enp0s3  |   UG  |
[    8.450844] cloud-init[1236]: ci-info: |   1   |   10.0.0.0  | 0.0.0.0  | 255.255.255.0 |    eth1   |   U   |
[    8.451566] cloud-init[1236]: ci-info: |   2   |   10.0.2.0  | 0.0.0.0  | 255.255.255.0 |   enp0s3  |   U   |
[    8.452303] cloud-init[1236]: ci-info: +-------+-------------+----------+---------------+-----------+-------+
[    8.453013] cloud-init[1236]: ci-info: +++++++++++++++++++Route IPv6 info+++++++++++++++++++
[    8.454019] cloud-init[1236]: ci-info: +-------+-------------+---------+-----------+-------+
[    8.454647] cloud-init[1236]: ci-info: | Route | Destination | Gateway | Interface | Flags |
[    8.455293] cloud-init[1236]: ci-info: +-------+-------------+---------+-----------+-------+
[    8.455955] cloud-init[1236]: ci-info: |   0   |  fe80::/64  |    ::   |    eth1   |   U   |
[    8.456662] cloud-init[1236]: ci-info: |   1   |  fe80::/64  |    ::   |    eth2   |   U   |
[    8.457309] cloud-init[1236]: ci-info: |   2   |  fe80::/64  |    ::   |   enp0s3  |   U   |
[    8.457806] cloud-init[1236]: ci-info: |   5   |   ff00::/8  |    ::   |    eth1   |   U   |
[    8.458271] cloud-init[1236]: ci-info: |   6   |   ff00::/8  |    ::   |    eth2   |   U   |
[    8.458726] cloud-init[1236]: ci-info: |   7   |   ff00::/8  |    ::   |   enp0s3  |   U   |
[    8.459225] cloud-init[1236]: ci-info: +-------+-------------+---------+-----------+-------+
[[0;32m  OK  [0m] Started Initial cloud-init job (metadata service crawler).
[[0;32m  OK  [0m] Reached target Network is Online.
         Starting iSCSI initiator daemon (iscsid)...
[[0;32m  OK  [0m] Reached target Cloud-config availability.
[[0;32m  OK  [0m] Reached target System Initialization.
[[0;32m  OK  [0m] Listening on ACPID Listen Socket.
[[0;32m  OK  [0m] Started Message of the Day.
[[0;32m  OK  [0m] Listening on UUID daemon activation socket.
[[0;32m  OK  [0m] Listening on D-Bus System Message Bus Socket.
[[0;32m  OK  [0m] Started Daily Cleanup of Temporary Directories.
[[0;32m  OK  [0m] Started Daily apt download activities.
         Starting Socket activation for snappy daemon.
[[0;32m  OK  [0m] Started Daily apt upgrade and clean activities.
[[0;32m  OK  [0m] Started ACPI Events Check.
[[0;32m  OK  [0m] Reached target Paths.
         Starting LXD - unix socket.
[[0;32m  OK  [0m] Reached target Timers.
[[0;32m  OK  [0m] Listening on Socket activation for snappy daemon.
[[0;32m  OK  [0m] Listening on LXD - unix socket.
[[0;32m  OK  [0m] Reached target Sockets.
[[0;32m  OK  [0m] Reached target Basic System.
         Starting Accounts Service...
         Starting Login Service...
         Starting /etc/rc.local Compatibility...
[[0;32m  OK  [0m] Started Regular background program processing daemon.
         Starting LSB: Record successful boot for GRUB...
[[0;32m  OK  [0m] Started Deferred execution scheduler.
[[0;32m  OK  [0m] Started ACPI event daemon.
         Starting Snap Daemon...
         Starting System Logging Service...
         Starting OpenBSD Secure Shell server...
[[0;32m  OK  [0m] Started D-Bus System Message Bus.
         Starting LXD - container startup/shutdown...
